72: 2 2 2 3 3
nidhi
abcd
def
gggg
aaaaa
5
10
15
20
25
30
35
40
45
50
55
60
65
70
75
80
85
90
95
100
niddhi-HP-Pavilion-g7-Notebook-PC
1,5c1,2
< my name nidhi
< abcd
< def
< gggg
< aaaaa
---
> my                       name                           is                                    nidhi
> 
Filesystem     1K-blocks     Used Available Use% Mounted on
/dev/sda2       60344404 12933972  44322048  23% /
none                   4        0         4   0% /sys/fs/cgroup
udev             2994248        4   2994244   1% /dev
tmpfs             600872     1060    599812   1% /run
none                5120        0      5120   0% /run/lock
none             3004348      152   3004196   1% /run/shm
none              102400       36    102364   1% /run/user
4	./Documents
480	./Socket_Programming/java
196	./Socket_Programming/C
680	./Socket_Programming
46616	./Downloads
13724	./.thunderbird/opp9hi6k.default
13732	./.thunderbird
32	./Desktop
12	./.dbus/session-bus
16	./.dbus
4	./Music
32	./.cache/mozilla/firefox/m2zynu88.default/Cache/4/08
36	./.cache/mozilla/firefox/m2zynu88.default/Cache/4/0B
72	./.cache/mozilla/firefox/m2zynu88.default/Cache/4
24	./.cache/mozilla/firefox/m2zynu88.default/Cache/8/6B
28	./.cache/mozilla/firefox/m2zynu88.default/Cache/8
4	./.cache/mozilla/firefox/m2zynu88.default/Cache/5
52	./.cache/mozilla/firefox/m2zynu88.default/Cache/E/17
28	./.cache/mozilla/firefox/m2zynu88.default/Cache/E/20
36	./.cache/mozilla/firefox/m2zynu88.default/Cache/E/9C
120	./.cache/mozilla/firefox/m2zynu88.default/Cache/E
56	./.cache/mozilla/firefox/m2zynu88.default/Cache/9/E9
60	./.cache/mozilla/firefox/m2zynu88.default/Cache/9
36	./.cache/mozilla/firefox/m2zynu88.default/Cache/6/15
40	./.cache/mozilla/firefox/m2zynu88.default/Cache/6
24	./.cache/mozilla/firefox/m2zynu88.default/Cache/7/A3
56	./.cache/mozilla/firefox/m2zynu88.default/Cache/7/FF
84	./.cache/mozilla/firefox/m2zynu88.default/Cache/7
4	./.cache/mozilla/firefox/m2zynu88.default/Cache/B
44	./.cache/mozilla/firefox/m2zynu88.default/Cache/1/DA
48	./.cache/mozilla/firefox/m2zynu88.default/Cache/1
36	./.cache/mozilla/firefox/m2zynu88.default/Cache/2/A8
28	./.cache/mozilla/firefox/m2zynu88.default/Cache/2/9E
52	./.cache/mozilla/firefox/m2zynu88.default/Cache/2/FC
120	./.cache/mozilla/firefox/m2zynu88.default/Cache/2
60	./.cache/mozilla/firefox/m2zynu88.default/Cache/F/3C
56	./.cache/mozilla/firefox/m2zynu88.default/Cache/F/55
120	./.cache/mozilla/firefox/m2zynu88.default/Cache/F
4	./.cache/mozilla/firefox/m2zynu88.default/Cache/3
48	./.cache/mozilla/firefox/m2zynu88.default/Cache/D/25
24	./.cache/mozilla/firefox/m2zynu88.default/Cache/D/86
24	./.cache/mozilla/firefox/m2zynu88.default/Cache/D/E6
100	./.cache/mozilla/firefox/m2zynu88.default/Cache/D
128	./.cache/mozilla/firefox/m2zynu88.default/Cache/A/E8
132	./.cache/mozilla/firefox/m2zynu88.default/Cache/A
36	./.cache/mozilla/firefox/m2zynu88.default/Cache/C/DB
36	./.cache/mozilla/firefox/m2zynu88.default/Cache/C/09
56	./.cache/mozilla/firefox/m2zynu88.default/Cache/C/95
132	./.cache/mozilla/firefox/m2zynu88.default/Cache/C
4	./.cache/mozilla/firefox/m2zynu88.default/Cache/0
13368	./.cache/mozilla/firefox/m2zynu88.default/Cache
564	./.cache/mozilla/firefox/m2zynu88.default/thumbnails
1084	./.cache/mozilla/firefox/m2zynu88.default/startupCache
3108	./.cache/mozilla/firefox/m2zynu88.default/safebrowsing
18132	./.cache/mozilla/firefox/m2zynu88.default
18136	./.cache/mozilla/firefox
18140	./.cache/mozilla
1068	./.cache/wallpaper
8	./.cache/logrotate
4	./.cache/evolution/calendar/trash
8	./.cache/evolution/calendar
4	./.cache/evolution/memos/trash
8	./.cache/evolution/memos
4	./.cache/evolution/tasks/trash
8	./.cache/evolution/tasks
4	./.cache/evolution/mail/trash
8	./.cache/evolution/mail
4	./.cache/evolution/sources/trash
8	./.cache/evolution/sources
4	./.cache/evolution/addressbook/trash
8	./.cache/evolution/addressbook
52	./.cache/evolution
264	./.cache/gstreamer-1.0
8	./.cache/indicator-appmenu
116	./.cache/compizconfig-1
20	./.cache/ibus/bus
24	./.cache/ibus
16	./.cache/fontconfig
68	./.cache/oneconf/afcaf4eb32050c022b66d37153aa7a20
72	./.cache/oneconf
8	./.cache/unity-lens-video
4	./.cache/folks/avatars
8	./.cache/folks
36	./.cache/thumbnails/normal
2220	./.cache/thumbnails/large
64	./.cache/thumbnails/fail/gnome-thumbnail-factory
68	./.cache/thumbnails/fail
2328	./.cache/thumbnails
4	./.cache/thunderbird/opp9hi6k.default/Cache/4
4	./.cache/thunderbird/opp9hi6k.default/Cache/8
4	./.cache/thunderbird/opp9hi6k.default/Cache/5
4	./.cache/thunderbird/opp9hi6k.default/Cache/E
4	./.cache/thunderbird/opp9hi6k.default/Cache/9
4	./.cache/thunderbird/opp9hi6k.default/Cache/6
4	./.cache/thunderbird/opp9hi6k.default/Cache/7
4	./.cache/thunderbird/opp9hi6k.default/Cache/B
4	./.cache/thunderbird/opp9hi6k.default/Cache/1
4	./.cache/thunderbird/opp9hi6k.default/Cache/2
4	./.cache/thunderbird/opp9hi6k.default/Cache/F
4	./.cache/thunderbird/opp9hi6k.default/Cache/3
4	./.cache/thunderbird/opp9hi6k.default/Cache/D
4	./.cache/thunderbird/opp9hi6k.default/Cache/A
4	./.cache/thunderbird/opp9hi6k.default/Cache/C
4	./.cache/thunderbird/opp9hi6k.default/Cache/0
12360	./.cache/thunderbird/opp9hi6k.default/Cache
4	./.cache/thunderbird/opp9hi6k.default/startupCache
12372	./.cache/thunderbird/opp9hi6k.default
12376	./.cache/thunderbird
8	./.cache/dconf
4	./.cache/gnome-screenshot
60	./.cache/sso
584	./.cache/software-center/download-cache
3556	./.cache/software-center/piston-helper
6080	./.cache/software-center/software-center-agent.db
1764	./.cache/software-center/icons
16	./.cache/software-center/rnrclient
20	./.cache/software-center/software-center-agent.db.tmp
980	./.cache/software-center/reviews.ubuntu.com_reviews_api_1.0_review-stats-pkgnames.p__5.1.db.dbenv
14836	./.cache/software-center
4	./.cache/ubuntuone/partials
136	./.cache/ubuntuone/log
144	./.cache/ubuntuone
8	./.cache/update-manager-core
592	./.cache/upstart
4	./.cache/gvfs-burn
4	./.cache/unity-lens-photos
50160	./.cache
8	./.mozilla/firefox/m2zynu88.default/healthreport
4	./.mozilla/firefox/m2zynu88.default/indexedDB/chrome/idb/2588645841ssegtnti
520	./.mozilla/firefox/m2zynu88.default/indexedDB/chrome/idb
524	./.mozilla/firefox/m2zynu88.default/indexedDB/chrome
528	./.mozilla/firefox/m2zynu88.default/indexedDB
4	./.mozilla/firefox/m2zynu88.default/extensions
92	./.mozilla/firefox/m2zynu88.default/bookmarkbackups
8	./.mozilla/firefox/m2zynu88.default/webapps
17488	./.mozilla/firefox/m2zynu88.default
17496	./.mozilla/firefox
4	./.mozilla/extensions
17504	./.mozilla
96	./121017_121029_121034
180	./.compiz/session
184	./.compiz
4	./.local/share/nautilus/scripts
8	./.local/share/nautilus
20	./.local/share/unity-webapps
240	./.local/share/Trash/info
4	./.local/share/Trash/expunged
8459376	./.local/share/Trash/files
8459624	./.local/share/Trash
8	./.local/share/evolution/calendar/system
4	./.local/share/evolution/calendar/trash
16	./.local/share/evolution/calendar
4	./.local/share/evolution/memos/trash
8	./.local/share/evolution/memos
4	./.local/share/evolution/tasks/trash
8	./.local/share/evolution/tasks
4	./.local/share/evolution/mail/trash
8	./.local/share/evolution/mail
4	./.local/share/evolution/addressbook/system/photos
24	./.local/share/evolution/addressbook/system
4	./.local/share/evolution/addressbook/trash
32	./.local/share/evolution/addressbook
76	./.local/share/evolution
3208	./.local/share/zeitgeist/fts.index
5836	./.local/share/zeitgeist
4	./.local/share/sounds
8	./.local/share/telepathy/mission-control
12	./.local/share/telepathy
12	./.local/share/keyrings
4	./.local/share/folks
8	./.local/share/vlc
4	./.local/share/ubuntuone/syncdaemon/vm/udfs
4	./.local/share/ubuntuone/syncdaemon/vm/shares
4	./.local/share/ubuntuone/syncdaemon/vm/shared
20	./.local/share/ubuntuone/syncdaemon/vm
4	./.local/share/ubuntuone/syncdaemon/fsm
8	./.local/share/ubuntuone/syncdaemon/tritcask
40	./.local/share/ubuntuone/syncdaemon
4	./.local/share/ubuntuone/shares
48	./.local/share/ubuntuone
24	./.local/share/webkit/icondatabase
28	./.local/share/webkit
4	./.local/share/applications
432	./.local/share/gvfs-metadata
4	./.local/share/gnome-settings-daemon
8	./.local/share/icc
8466156	./.local/share
8466160	./.local
4	./Templates
3552	./Pictures
4	./Videos
8	./.gconf/apps/gnome-terminal/profiles/Default
12	./.gconf/apps/gnome-terminal/profiles
16	./.gconf/apps/gnome-terminal
8	./.gconf/apps/nm-applet
28	./.gconf/apps
32	./.gconf
48	./cryptography
4	./.gvfs
20	./.config/nautilus
8	./.config/gtk-2.0
4	./.config/evolution/sources
8	./.config/evolution
12	./.config/ibus/bus
16	./.config/ibus
8	./.config/update-notifier
8	./.config/gnome-control-center/backgrounds
12	./.config/gnome-control-center
4	./.config/eog
20	./.config/gedit
16	./.config/dconf
92	./.config/vlc
72	./.config/pulse
4	./.config/gnome-session/saved-session
8	./.config/gnome-session
8	./.config/software-center
4	./.config/ubuntuone
16	./.config/libaccounts-glib
4	./.config/upstart
8	./.config/libreoffice/4/user/extensions/tmp/registry/com.sun.star.comp.deployment.configuration.PackageRegistryBackend
4	./.config/libreoffice/4/user/extensions/tmp/registry/com.sun.star.comp.deployment.executable.PackageRegistryBackend
4	./.config/libreoffice/4/user/extensions/tmp/registry/com.sun.star.comp.deployment.sfwk.PackageRegistryBackend
4	./.config/libreoffice/4/user/extensions/tmp/registry/com.sun.star.comp.deployment.bundle.PackageRegistryBackend
4	./.config/libreoffice/4/user/extensions/tmp/registry/com.sun.star.comp.deployment.component.PackageRegistryBackend
4	./.config/libreoffice/4/user/extensions/tmp/registry/com.sun.star.comp.deployment.script.PackageRegistryBackend
8	./.config/libreoffice/4/user/extensions/tmp/registry/com.sun.star.comp.deployment.help.PackageRegistryBackend
40	./.config/libreoffice/4/user/extensions/tmp/registry
4	./.config/libreoffice/4/user/extensions/tmp/extensions
48	./.config/libreoffice/4/user/extensions/tmp
8	./.config/libreoffice/4/user/extensions/shared/registry/com.sun.star.comp.deployment.configuration.PackageRegistryBackend
4	./.config/libreoffice/4/user/extensions/shared/registry/com.sun.star.comp.deployment.executable.PackageRegistryBackend
4	./.config/libreoffice/4/user/extensions/shared/registry/com.sun.star.comp.deployment.sfwk.PackageRegistryBackend
4	./.config/libreoffice/4/user/extensions/shared/registry/com.sun.star.comp.deployment.bundle.PackageRegistryBackend
4	./.config/libreoffice/4/user/extensions/shared/registry/com.sun.star.comp.deployment.component.PackageRegistryBackend
4	./.config/libreoffice/4/user/extensions/shared/registry/com.sun.star.comp.deployment.script.PackageRegistryBackend
8	./.config/libreoffice/4/user/extensions/shared/registry/com.sun.star.comp.deployment.help.PackageRegistryBackend
40	./.config/libreoffice/4/user/extensions/shared/registry
48	./.config/libreoffice/4/user/extensions/shared
20	./.config/libreoffice/4/user/extensions/bundled/registry/com.sun.star.comp.deployment.configuration.PackageRegistryBackend/luatsgnp.tmp
576	./.config/libreoffice/4/user/extensions/bundled/registry/com.sun.star.comp.deployment.configuration.PackageRegistryBackend/luatsgno.tmp
608	./.config/libreoffice/4/user/extensions/bundled/registry/com.sun.star.comp.deployment.configuration.PackageRegistryBackend
4	./.config/libreoffice/4/user/extensions/bundled/registry/com.sun.star.comp.deployment.executable.PackageRegistryBackend
4	./.config/libreoffice/4/user/extensions/bundled/registry/com.sun.star.comp.deployment.sfwk.PackageRegistryBackend
8	./.config/libreoffice/4/user/extensions/bundled/registry/com.sun.star.comp.deployment.bundle.PackageRegistryBackend
8	./.config/libreoffice/4/user/extensions/bundled/registry/com.sun.star.comp.deployment.component.PackageRegistryBackend
4	./.config/libreoffice/4/user/extensions/bundled/registry/com.sun.star.comp.deployment.script.PackageRegistryBackend
8	./.config/libreoffice/4/user/extensions/bundled/registry/com.sun.star.comp.deployment.help.PackageRegistryBackend
648	./.config/libreoffice/4/user/extensions/bundled/registry
660	./.config/libreoffice/4/user/extensions/bundled
764	./.config/libreoffice/4/user/extensions
8	./.config/libreoffice/4/user/autotext
16	./.config/libreoffice/4/user/basic/Standard
28	./.config/libreoffice/4/user/basic
12	./.config/libreoffice/4/user/gallery
32	./.config/libreoffice/4/user/psprint
4	./.config/libreoffice/4/user/backup
8	./.config/libreoffice/4/user/uno_packages/cache/registry/com.sun.star.comp.deployment.configuration.PackageRegistryBackend
4	./.config/libreoffice/4/user/uno_packages/cache/registry/com.sun.star.comp.deployment.executable.PackageRegistryBackend
4	./.config/libreoffice/4/user/uno_packages/cache/registry/com.sun.star.comp.deployment.sfwk.PackageRegistryBackend
4	./.config/libreoffice/4/user/uno_packages/cache/registry/com.sun.star.comp.deployment.bundle.PackageRegistryBackend
4	./.config/libreoffice/4/user/uno_packages/cache/registry/com.sun.star.comp.deployment.component.PackageRegistryBackend
4	./.config/libreoffice/4/user/uno_packages/cache/registry/com.sun.star.comp.deployment.script.PackageRegistryBackend
8	./.config/libreoffice/4/user/uno_packages/cache/registry/com.sun.star.comp.deployment.help.PackageRegistryBackend
40	./.config/libreoffice/4/user/uno_packages/cache/registry
4	./.config/libreoffice/4/user/uno_packages/cache/uno_packages
52	./.config/libreoffice/4/user/uno_packages/cache
56	./.config/libreoffice/4/user/uno_packages
4	./.config/libreoffice/4/user/autocorr
4	./.config/libreoffice/4/user/config/soffice.cfg/modules/StartModule/statusbar
4	./.config/libreoffice/4/user/config/soffice.cfg/modules/StartModule/images/Bitmaps
8	./.config/libreoffice/4/user/config/soffice.cfg/modules/StartModule/images
4	./.config/libreoffice/4/user/config/soffice.cfg/modules/StartModule/toolbar
4	./.config/libreoffice/4/user/config/soffice.cfg/modules/StartModule/menubar
24	./.config/libreoffice/4/user/config/soffice.cfg/modules/StartModule
4	./.config/libreoffice/4/user/config/soffice.cfg/modules/swriter/statusbar
4	./.config/libreoffice/4/user/config/soffice.cfg/modules/swriter/images/Bitmaps
8	./.config/libreoffice/4/user/config/soffice.cfg/modules/swriter/images
4	./.config/libreoffice/4/user/config/soffice.cfg/modules/swriter/toolbar
4	./.config/libreoffice/4/user/config/soffice.cfg/modules/swriter/menubar
24	./.config/libreoffice/4/user/config/soffice.cfg/modules/swriter
4	./.config/libreoffice/4/user/config/soffice.cfg/modules/scalc/statusbar
4	./.config/libreoffice/4/user/config/soffice.cfg/modules/scalc/images/Bitmaps
8	./.config/libreoffice/4/user/config/soffice.cfg/modules/scalc/images
4	./.config/libreoffice/4/user/config/soffice.cfg/modules/scalc/toolbar
4	./.config/libreoffice/4/user/config/soffice.cfg/modules/scalc/menubar
24	./.config/libreoffice/4/user/config/soffice.cfg/modules/scalc
4	./.config/libreoffice/4/user/config/soffice.cfg/modules/simpress/statusbar
4	./.config/libreoffice/4/user/config/soffice.cfg/modules/simpress/images/Bitmaps
8	./.config/libreoffice/4/user/config/soffice.cfg/modules/simpress/images
4	./.config/libreoffice/4/user/config/soffice.cfg/modules/simpress/toolbar
4	./.config/libreoffice/4/user/config/soffice.cfg/modules/simpress/menubar
24	./.config/libreoffice/4/user/config/soffice.cfg/modules/simpress
100	./.config/libreoffice/4/user/config/soffice.cfg/modules
104	./.config/libreoffice/4/user/config/soffice.cfg
516	./.config/libreoffice/4/user/config
1016	./.config/libreoffice/4/user/database/biblio
1028	./.config/libreoffice/4/user/database
2528	./.config/libreoffice/4/user
2536	./.config/libreoffice/4
2540	./.config/libreoffice
4	./.config/yelp
4	./.config/enchant
8	./.config/gtk-3.0
8	./.config/compiz-1/compizconfig
12	./.config/compiz-1
2904	./.config
88	./TICTACTOE
4	./Ubuntu One
4	./Public
8763556	.
4.0K	./Documents
480K	./Socket_Programming/java
196K	./Socket_Programming/C
680K	./Socket_Programming
46M	./Downloads
14M	./.thunderbird/opp9hi6k.default
14M	./.thunderbird
32K	./Desktop
12K	./.dbus/session-bus
16K	./.dbus
4.0K	./Music
32K	./.cache/mozilla/firefox/m2zynu88.default/Cache/4/08
36K	./.cache/mozilla/firefox/m2zynu88.default/Cache/4/0B
72K	./.cache/mozilla/firefox/m2zynu88.default/Cache/4
24K	./.cache/mozilla/firefox/m2zynu88.default/Cache/8/6B
28K	./.cache/mozilla/firefox/m2zynu88.default/Cache/8
4.0K	./.cache/mozilla/firefox/m2zynu88.default/Cache/5
52K	./.cache/mozilla/firefox/m2zynu88.default/Cache/E/17
28K	./.cache/mozilla/firefox/m2zynu88.default/Cache/E/20
36K	./.cache/mozilla/firefox/m2zynu88.default/Cache/E/9C
120K	./.cache/mozilla/firefox/m2zynu88.default/Cache/E
56K	./.cache/mozilla/firefox/m2zynu88.default/Cache/9/E9
60K	./.cache/mozilla/firefox/m2zynu88.default/Cache/9
36K	./.cache/mozilla/firefox/m2zynu88.default/Cache/6/15
40K	./.cache/mozilla/firefox/m2zynu88.default/Cache/6
24K	./.cache/mozilla/firefox/m2zynu88.default/Cache/7/A3
56K	./.cache/mozilla/firefox/m2zynu88.default/Cache/7/FF
84K	./.cache/mozilla/firefox/m2zynu88.default/Cache/7
4.0K	./.cache/mozilla/firefox/m2zynu88.default/Cache/B
44K	./.cache/mozilla/firefox/m2zynu88.default/Cache/1/DA
48K	./.cache/mozilla/firefox/m2zynu88.default/Cache/1
36K	./.cache/mozilla/firefox/m2zynu88.default/Cache/2/A8
28K	./.cache/mozilla/firefox/m2zynu88.default/Cache/2/9E
52K	./.cache/mozilla/firefox/m2zynu88.default/Cache/2/FC
120K	./.cache/mozilla/firefox/m2zynu88.default/Cache/2
60K	./.cache/mozilla/firefox/m2zynu88.default/Cache/F/3C
56K	./.cache/mozilla/firefox/m2zynu88.default/Cache/F/55
120K	./.cache/mozilla/firefox/m2zynu88.default/Cache/F
4.0K	./.cache/mozilla/firefox/m2zynu88.default/Cache/3
48K	./.cache/mozilla/firefox/m2zynu88.default/Cache/D/25
24K	./.cache/mozilla/firefox/m2zynu88.default/Cache/D/86
24K	./.cache/mozilla/firefox/m2zynu88.default/Cache/D/E6
100K	./.cache/mozilla/firefox/m2zynu88.default/Cache/D
128K	./.cache/mozilla/firefox/m2zynu88.default/Cache/A/E8
132K	./.cache/mozilla/firefox/m2zynu88.default/Cache/A
36K	./.cache/mozilla/firefox/m2zynu88.default/Cache/C/DB
36K	./.cache/mozilla/firefox/m2zynu88.default/Cache/C/09
56K	./.cache/mozilla/firefox/m2zynu88.default/Cache/C/95
132K	./.cache/mozilla/firefox/m2zynu88.default/Cache/C
4.0K	./.cache/mozilla/firefox/m2zynu88.default/Cache/0
14M	./.cache/mozilla/firefox/m2zynu88.default/Cache
564K	./.cache/mozilla/firefox/m2zynu88.default/thumbnails
1.1M	./.cache/mozilla/firefox/m2zynu88.default/startupCache
3.1M	./.cache/mozilla/firefox/m2zynu88.default/safebrowsing
18M	./.cache/mozilla/firefox/m2zynu88.default
18M	./.cache/mozilla/firefox
18M	./.cache/mozilla
1.1M	./.cache/wallpaper
8.0K	./.cache/logrotate
4.0K	./.cache/evolution/calendar/trash
8.0K	./.cache/evolution/calendar
4.0K	./.cache/evolution/memos/trash
8.0K	./.cache/evolution/memos
4.0K	./.cache/evolution/tasks/trash
8.0K	./.cache/evolution/tasks
4.0K	./.cache/evolution/mail/trash
8.0K	./.cache/evolution/mail
4.0K	./.cache/evolution/sources/trash
8.0K	./.cache/evolution/sources
4.0K	./.cache/evolution/addressbook/trash
8.0K	./.cache/evolution/addressbook
52K	./.cache/evolution
264K	./.cache/gstreamer-1.0
8.0K	./.cache/indicator-appmenu
116K	./.cache/compizconfig-1
20K	./.cache/ibus/bus
24K	./.cache/ibus
16K	./.cache/fontconfig
68K	./.cache/oneconf/afcaf4eb32050c022b66d37153aa7a20
72K	./.cache/oneconf
8.0K	./.cache/unity-lens-video
4.0K	./.cache/folks/avatars
8.0K	./.cache/folks
36K	./.cache/thumbnails/normal
2.2M	./.cache/thumbnails/large
64K	./.cache/thumbnails/fail/gnome-thumbnail-factory
68K	./.cache/thumbnails/fail
2.3M	./.cache/thumbnails
4.0K	./.cache/thunderbird/opp9hi6k.default/Cache/4
4.0K	./.cache/thunderbird/opp9hi6k.default/Cache/8
4.0K	./.cache/thunderbird/opp9hi6k.default/Cache/5
4.0K	./.cache/thunderbird/opp9hi6k.default/Cache/E
4.0K	./.cache/thunderbird/opp9hi6k.default/Cache/9
4.0K	./.cache/thunderbird/opp9hi6k.default/Cache/6
4.0K	./.cache/thunderbird/opp9hi6k.default/Cache/7
4.0K	./.cache/thunderbird/opp9hi6k.default/Cache/B
4.0K	./.cache/thunderbird/opp9hi6k.default/Cache/1
4.0K	./.cache/thunderbird/opp9hi6k.default/Cache/2
4.0K	./.cache/thunderbird/opp9hi6k.default/Cache/F
4.0K	./.cache/thunderbird/opp9hi6k.default/Cache/3
4.0K	./.cache/thunderbird/opp9hi6k.default/Cache/D
4.0K	./.cache/thunderbird/opp9hi6k.default/Cache/A
4.0K	./.cache/thunderbird/opp9hi6k.default/Cache/C
4.0K	./.cache/thunderbird/opp9hi6k.default/Cache/0
13M	./.cache/thunderbird/opp9hi6k.default/Cache
4.0K	./.cache/thunderbird/opp9hi6k.default/startupCache
13M	./.cache/thunderbird/opp9hi6k.default
13M	./.cache/thunderbird
8.0K	./.cache/dconf
4.0K	./.cache/gnome-screenshot
60K	./.cache/sso
584K	./.cache/software-center/download-cache
3.5M	./.cache/software-center/piston-helper
6.0M	./.cache/software-center/software-center-agent.db
1.8M	./.cache/software-center/icons
16K	./.cache/software-center/rnrclient
20K	./.cache/software-center/software-center-agent.db.tmp
980K	./.cache/software-center/reviews.ubuntu.com_reviews_api_1.0_review-stats-pkgnames.p__5.1.db.dbenv
15M	./.cache/software-center
4.0K	./.cache/ubuntuone/partials
136K	./.cache/ubuntuone/log
144K	./.cache/ubuntuone
8.0K	./.cache/update-manager-core
592K	./.cache/upstart
4.0K	./.cache/gvfs-burn
4.0K	./.cache/unity-lens-photos
49M	./.cache
8.0K	./.mozilla/firefox/m2zynu88.default/healthreport
4.0K	./.mozilla/firefox/m2zynu88.default/indexedDB/chrome/idb/2588645841ssegtnti
520K	./.mozilla/firefox/m2zynu88.default/indexedDB/chrome/idb
524K	./.mozilla/firefox/m2zynu88.default/indexedDB/chrome
528K	./.mozilla/firefox/m2zynu88.default/indexedDB
4.0K	./.mozilla/firefox/m2zynu88.default/extensions
92K	./.mozilla/firefox/m2zynu88.default/bookmarkbackups
8.0K	./.mozilla/firefox/m2zynu88.default/webapps
18M	./.mozilla/firefox/m2zynu88.default
18M	./.mozilla/firefox
4.0K	./.mozilla/extensions
18M	./.mozilla
96K	./121017_121029_121034
180K	./.compiz/session
184K	./.compiz
4.0K	./.local/share/nautilus/scripts
8.0K	./.local/share/nautilus
20K	./.local/share/unity-webapps
240K	./.local/share/Trash/info
4.0K	./.local/share/Trash/expunged
8.1G	./.local/share/Trash/files
8.1G	./.local/share/Trash
8.0K	./.local/share/evolution/calendar/system
4.0K	./.local/share/evolution/calendar/trash
16K	./.local/share/evolution/calendar
4.0K	./.local/share/evolution/memos/trash
8.0K	./.local/share/evolution/memos
4.0K	./.local/share/evolution/tasks/trash
8.0K	./.local/share/evolution/tasks
4.0K	./.local/share/evolution/mail/trash
8.0K	./.local/share/evolution/mail
4.0K	./.local/share/evolution/addressbook/system/photos
24K	./.local/share/evolution/addressbook/system
4.0K	./.local/share/evolution/addressbook/trash
32K	./.local/share/evolution/addressbook
76K	./.local/share/evolution
3.2M	./.local/share/zeitgeist/fts.index
5.7M	./.local/share/zeitgeist
4.0K	./.local/share/sounds
8.0K	./.local/share/telepathy/mission-control
12K	./.local/share/telepathy
12K	./.local/share/keyrings
4.0K	./.local/share/folks
8.0K	./.local/share/vlc
4.0K	./.local/share/ubuntuone/syncdaemon/vm/udfs
4.0K	./.local/share/ubuntuone/syncdaemon/vm/shares
4.0K	./.local/share/ubuntuone/syncdaemon/vm/shared
20K	./.local/share/ubuntuone/syncdaemon/vm
4.0K	./.local/share/ubuntuone/syncdaemon/fsm
8.0K	./.local/share/ubuntuone/syncdaemon/tritcask
40K	./.local/share/ubuntuone/syncdaemon
4.0K	./.local/share/ubuntuone/shares
48K	./.local/share/ubuntuone
24K	./.local/share/webkit/icondatabase
28K	./.local/share/webkit
4.0K	./.local/share/applications
432K	./.local/share/gvfs-metadata
4.0K	./.local/share/gnome-settings-daemon
8.0K	./.local/share/icc
8.1G	./.local/share
8.1G	./.local
4.0K	./Templates
3.5M	./Pictures
4.0K	./Videos
8.0K	./.gconf/apps/gnome-terminal/profiles/Default
12K	./.gconf/apps/gnome-terminal/profiles
16K	./.gconf/apps/gnome-terminal
8.0K	./.gconf/apps/nm-applet
28K	./.gconf/apps
32K	./.gconf
48K	./cryptography
4.0K	./.gvfs
20K	./.config/nautilus
8.0K	./.config/gtk-2.0
4.0K	./.config/evolution/sources
8.0K	./.config/evolution
12K	./.config/ibus/bus
16K	./.config/ibus
8.0K	./.config/update-notifier
8.0K	./.config/gnome-control-center/backgrounds
12K	./.config/gnome-control-center
4.0K	./.config/eog
20K	./.config/gedit
16K	./.config/dconf
92K	./.config/vlc
72K	./.config/pulse
4.0K	./.config/gnome-session/saved-session
8.0K	./.config/gnome-session
8.0K	./.config/software-center
4.0K	./.config/ubuntuone
16K	./.config/libaccounts-glib
4.0K	./.config/upstart
8.0K	./.config/libreoffice/4/user/extensions/tmp/registry/com.sun.star.comp.deployment.configuration.PackageRegistryBackend
4.0K	./.config/libreoffice/4/user/extensions/tmp/registry/com.sun.star.comp.deployment.executable.PackageRegistryBackend
4.0K	./.config/libreoffice/4/user/extensions/tmp/registry/com.sun.star.comp.deployment.sfwk.PackageRegistryBackend
4.0K	./.config/libreoffice/4/user/extensions/tmp/registry/com.sun.star.comp.deployment.bundle.PackageRegistryBackend
4.0K	./.config/libreoffice/4/user/extensions/tmp/registry/com.sun.star.comp.deployment.component.PackageRegistryBackend
4.0K	./.config/libreoffice/4/user/extensions/tmp/registry/com.sun.star.comp.deployment.script.PackageRegistryBackend
8.0K	./.config/libreoffice/4/user/extensions/tmp/registry/com.sun.star.comp.deployment.help.PackageRegistryBackend
40K	./.config/libreoffice/4/user/extensions/tmp/registry
4.0K	./.config/libreoffice/4/user/extensions/tmp/extensions
48K	./.config/libreoffice/4/user/extensions/tmp
8.0K	./.config/libreoffice/4/user/extensions/shared/registry/com.sun.star.comp.deployment.configuration.PackageRegistryBackend
4.0K	./.config/libreoffice/4/user/extensions/shared/registry/com.sun.star.comp.deployment.executable.PackageRegistryBackend
4.0K	./.config/libreoffice/4/user/extensions/shared/registry/com.sun.star.comp.deployment.sfwk.PackageRegistryBackend
4.0K	./.config/libreoffice/4/user/extensions/shared/registry/com.sun.star.comp.deployment.bundle.PackageRegistryBackend
4.0K	./.config/libreoffice/4/user/extensions/shared/registry/com.sun.star.comp.deployment.component.PackageRegistryBackend
4.0K	./.config/libreoffice/4/user/extensions/shared/registry/com.sun.star.comp.deployment.script.PackageRegistryBackend
8.0K	./.config/libreoffice/4/user/extensions/shared/registry/com.sun.star.comp.deployment.help.PackageRegistryBackend
40K	./.config/libreoffice/4/user/extensions/shared/registry
48K	./.config/libreoffice/4/user/extensions/shared
20K	./.config/libreoffice/4/user/extensions/bundled/registry/com.sun.star.comp.deployment.configuration.PackageRegistryBackend/luatsgnp.tmp
576K	./.config/libreoffice/4/user/extensions/bundled/registry/com.sun.star.comp.deployment.configuration.PackageRegistryBackend/luatsgno.tmp
608K	./.config/libreoffice/4/user/extensions/bundled/registry/com.sun.star.comp.deployment.configuration.PackageRegistryBackend
4.0K	./.config/libreoffice/4/user/extensions/bundled/registry/com.sun.star.comp.deployment.executable.PackageRegistryBackend
4.0K	./.config/libreoffice/4/user/extensions/bundled/registry/com.sun.star.comp.deployment.sfwk.PackageRegistryBackend
8.0K	./.config/libreoffice/4/user/extensions/bundled/registry/com.sun.star.comp.deployment.bundle.PackageRegistryBackend
8.0K	./.config/libreoffice/4/user/extensions/bundled/registry/com.sun.star.comp.deployment.component.PackageRegistryBackend
4.0K	./.config/libreoffice/4/user/extensions/bundled/registry/com.sun.star.comp.deployment.script.PackageRegistryBackend
8.0K	./.config/libreoffice/4/user/extensions/bundled/registry/com.sun.star.comp.deployment.help.PackageRegistryBackend
648K	./.config/libreoffice/4/user/extensions/bundled/registry
660K	./.config/libreoffice/4/user/extensions/bundled
764K	./.config/libreoffice/4/user/extensions
8.0K	./.config/libreoffice/4/user/autotext
16K	./.config/libreoffice/4/user/basic/Standard
28K	./.config/libreoffice/4/user/basic
12K	./.config/libreoffice/4/user/gallery
32K	./.config/libreoffice/4/user/psprint
4.0K	./.config/libreoffice/4/user/backup
8.0K	./.config/libreoffice/4/user/uno_packages/cache/registry/com.sun.star.comp.deployment.configuration.PackageRegistryBackend
4.0K	./.config/libreoffice/4/user/uno_packages/cache/registry/com.sun.star.comp.deployment.executable.PackageRegistryBackend
4.0K	./.config/libreoffice/4/user/uno_packages/cache/registry/com.sun.star.comp.deployment.sfwk.PackageRegistryBackend
4.0K	./.config/libreoffice/4/user/uno_packages/cache/registry/com.sun.star.comp.deployment.bundle.PackageRegistryBackend
4.0K	./.config/libreoffice/4/user/uno_packages/cache/registry/com.sun.star.comp.deployment.component.PackageRegistryBackend
4.0K	./.config/libreoffice/4/user/uno_packages/cache/registry/com.sun.star.comp.deployment.script.PackageRegistryBackend
8.0K	./.config/libreoffice/4/user/uno_packages/cache/registry/com.sun.star.comp.deployment.help.PackageRegistryBackend
40K	./.config/libreoffice/4/user/uno_packages/cache/registry
4.0K	./.config/libreoffice/4/user/uno_packages/cache/uno_packages
52K	./.config/libreoffice/4/user/uno_packages/cache
56K	./.config/libreoffice/4/user/uno_packages
4.0K	./.config/libreoffice/4/user/autocorr
4.0K	./.config/libreoffice/4/user/config/soffice.cfg/modules/StartModule/statusbar
4.0K	./.config/libreoffice/4/user/config/soffice.cfg/modules/StartModule/images/Bitmaps
8.0K	./.config/libreoffice/4/user/config/soffice.cfg/modules/StartModule/images
4.0K	./.config/libreoffice/4/user/config/soffice.cfg/modules/StartModule/toolbar
4.0K	./.config/libreoffice/4/user/config/soffice.cfg/modules/StartModule/menubar
24K	./.config/libreoffice/4/user/config/soffice.cfg/modules/StartModule
4.0K	./.config/libreoffice/4/user/config/soffice.cfg/modules/swriter/statusbar
4.0K	./.config/libreoffice/4/user/config/soffice.cfg/modules/swriter/images/Bitmaps
8.0K	./.config/libreoffice/4/user/config/soffice.cfg/modules/swriter/images
4.0K	./.config/libreoffice/4/user/config/soffice.cfg/modules/swriter/toolbar
4.0K	./.config/libreoffice/4/user/config/soffice.cfg/modules/swriter/menubar
24K	./.config/libreoffice/4/user/config/soffice.cfg/modules/swriter
4.0K	./.config/libreoffice/4/user/config/soffice.cfg/modules/scalc/statusbar
4.0K	./.config/libreoffice/4/user/config/soffice.cfg/modules/scalc/images/Bitmaps
8.0K	./.config/libreoffice/4/user/config/soffice.cfg/modules/scalc/images
4.0K	./.config/libreoffice/4/user/config/soffice.cfg/modules/scalc/toolbar
4.0K	./.config/libreoffice/4/user/config/soffice.cfg/modules/scalc/menubar
24K	./.config/libreoffice/4/user/config/soffice.cfg/modules/scalc
4.0K	./.config/libreoffice/4/user/config/soffice.cfg/modules/simpress/statusbar
4.0K	./.config/libreoffice/4/user/config/soffice.cfg/modules/simpress/images/Bitmaps
8.0K	./.config/libreoffice/4/user/config/soffice.cfg/modules/simpress/images
4.0K	./.config/libreoffice/4/user/config/soffice.cfg/modules/simpress/toolbar
4.0K	./.config/libreoffice/4/user/config/soffice.cfg/modules/simpress/menubar
24K	./.config/libreoffice/4/user/config/soffice.cfg/modules/simpress
100K	./.config/libreoffice/4/user/config/soffice.cfg/modules
104K	./.config/libreoffice/4/user/config/soffice.cfg
516K	./.config/libreoffice/4/user/config
1016K	./.config/libreoffice/4/user/database/biblio
1.1M	./.config/libreoffice/4/user/database
2.5M	./.config/libreoffice/4/user
2.5M	./.config/libreoffice/4
2.5M	./.config/libreoffice
4.0K	./.config/yelp
4.0K	./.config/enchant
8.0K	./.config/gtk-3.0
8.0K	./.config/compiz-1/compizconfig
12K	./.config/compiz-1
2.9M	./.config
88K	./TICTACTOE
4.0K	./Ubuntu One
4.0K	./Public
8.4G	.
/dev/pts/1
niddhi   tty7         2015-01-24 15:28 (:0)
niddhi   pts/1        2015-01-24 15:29 (:0.0)
NAME     LINE         TIME             COMMENT
niddhi   tty7         2015-01-24 15:28 (:0)
niddhi   pts/1        2015-01-24 15:29 (:0.0)
Usage: aspell [options] <command>
<command> is one of:
  -?|usage         display a brief usage message
  help             display a detailed help message
  -c|check <file>  to check a file
  -a|pipe          "ispell -a" compatibility mode
  [dump] config    dumps the current configuration to stdout
  config <key>     prints the current value of an option
  [dump] dicts | filters | modes
    lists available dictionaries / filters / filter modes
[options] is any of the following:
  --encoding=<str>            encoding to expect data to be in
  --mode=<str>                filter mode
  -l,--lang=<str>             language code
  -d,--master=<str>           base name of the main dictionary to use
  --sug-mode=<str>            suggestion mode
Usage:	iw [options] command
Options:
	--debug		enable netlink debugging
	--version	show version (3.4)
Commands:
	help [command]
	event [-t] [-r] [-f]
	phy
	list
	phy <phyname> info
	dev
	dev <devname> info
	dev <devname> del
	dev <devname> interface add <name> type <type> [mesh_id <meshid>] [4addr on|off] [flags <flag>*]
	phy <phyname> interface add <name> type <type> [mesh_id <meshid>] [4addr on|off] [flags <flag>*]
	dev <devname> ibss join <SSID> <freq in MHz> [HT20|HT40+|HT40-|NOHT] [fixed-freq] [<fixed bssid>] [beacon-interval <TU>] [basic-rates <rate in Mbps,rate2,...>] [mcast-rate <rate in Mbps>] [key d:0:abcde]
	dev <devname> ibss leave
	dev <devname> station dump
	dev <devname> station set <MAC address> vlan <ifindex>
	dev <devname> station set <MAC address> plink_action <open|block>
	dev <devname> station del <MAC address>
	dev <devname> station get <MAC address>
	dev <devname> survey dump
	dev <devname> mesh leave
	dev <devname> mesh join <mesh ID> [mcast-rate <rate in Mbps>] [<param>=<value>]*
	dev <devname> mpath dump
	dev <devname> mpath set <destination MAC address> next_hop <next hop MAC address>
	dev <devname> mpath new <destination MAC address> next_hop <next hop MAC address>
	dev <devname> mpath del <MAC address>
	dev <devname> mpath get <MAC address>
	dev <devname> scan [-u] [freq <freq>*] [ies <hex as 00:11:..>] [ssid <ssid>*|passive]
	dev <devname> scan trigger [freq <freq>*] [ies <hex as 00:11:..>] [ssid <ssid>*|passive]
	dev <devname> scan dump [-u]
	reg get
	reg set <ISO/IEC 3166-1 alpha2>
	dev <devname> connect [-w] <SSID> [<freq in MHz>] [<bssid>] [key 0:abcde d:1:6162636465]
	dev <devname> disconnect
	dev <devname> link
	dev <devname> offchannel <freq> <duration>
	dev <devname> cqm rssi <threshold|off> [<hysteresis>]
	phy <phyname> wowlan show 
	phy <phyname> wowlan disable 
	phy <phyname> wowlan enable [any] [disconnect] [magic-packet] [gtk-rekey-failure] [eap-identity-request] [4way-handshake] [rfkill-release] [patterns <pattern>*]
	dev <devname> roc start <freq> <time>
	phy <phyname> set antenna <bitmap> | all | <tx bitmap> <rx bitmap>
	dev <devname> set txpower <auto|fixed|limit> [<tx power in mBm>]
	phy <phyname> set txpower <auto|fixed|limit> [<tx power in mBm>]
	phy <phyname> set distance <distance>
	phy <phyname> set coverage <coverage class>
	phy <phyname> set netns <pid>
	phy <phyname> set rts <rts threshold|off>
	phy <phyname> set frag <fragmentation threshold|off>
	dev <devname> set channel <channel> [HT20|HT40+|HT40-]
	phy <phyname> set channel <channel> [HT20|HT40+|HT40-]
	dev <devname> set freq <freq> [HT20|HT40+|HT40-]
	phy <phyname> set freq <freq> [HT20|HT40+|HT40-]
	phy <phyname> set name <new name>
	dev <devname> set peer <MAC address>
	dev <devname> set noack_map <map>
	dev <devname> set 4addr <on|off>
	dev <devname> set type <type>
	dev <devname> set meshid <meshid>
	dev <devname> set monitor <flag>*
	dev <devname> set mesh_param <param>=<value> [<param>=<value>]*
	dev <devname> set power_save <on|off>
	dev <devname> set bitrates [legacy-<2.4|5> <legacy rate in Mbps>*] [mcs-<2.4|5> <MCS index>*]
	dev <devname> get mesh_param [<param>]
	dev <devname> get power_save <param>

You can omit the 'phy' or 'dev' if the identification is unique,
e.g. "iw wlan0 info" or "iw phy0 info". (Don't when scripting.)

Do NOT screenscrape this tool, we don't consider its output stable.

ihdin eman ym
dcba
fed
gggg
aaaaa
enable .
enable :
enable [
enable alias
enable bg
enable bind
enable break
enable builtin
enable caller
enable cd
enable command
enable compgen
enable complete
enable compopt
enable continue
enable declare
enable dirs
enable disown
enable echo
enable enable
enable eval
enable exec
enable exit
enable export
enable false
enable fc
enable fg
enable getopts
enable hash
enable help
enable history
enable jobs
enable kill
enable let
enable local
enable logout
enable mapfile
enable popd
enable printf
enable pushd
enable pwd
enable read
enable readarray
enable readonly
enable return
enable set
enable shift
enable shopt
enable source
enable suspend
enable test
enable times
enable trap
enable true
enable type
enable typeset
enable ulimit
enable umask
enable unalias
enable unset
enable wait
niddhi   pts/1        :0.0             Sat Jan 24 15:29   still logged in   
reboot   system boot  3.11.0-26-generi Sat Jan 24 15:28 - 15:40  (00:12)    
niddhi   pts/1        :0.0             Sat Jan 24 12:06 - 12:12  (00:05)    
niddhi   pts/1        :0.0             Sat Jan 24 12:06 - 12:06  (00:00)    
niddhi   pts/1        :0.0             Sat Jan 24 12:04 - 12:06  (00:01)    
niddhi   pts/1        :0.0             Sat Jan 24 12:02 - 12:04  (00:01)    
reboot   system boot  3.11.0-26-generi Sat Jan 24 12:01 - 12:12  (00:11)    
niddhi   pts/0        :0               Sat Jan 24 11:35 - down   (00:25)    
reboot   system boot  3.11.0-12-generi Sat Jan 24 10:06 - 12:00  (01:53)    
reboot   system boot  3.11.0-12-generi Sat Jan 24 00:46 - 00:46  (00:00)    
niddhi   tty1                          Sat Jan 24 00:38 - down   (00:06)    
reboot   system boot  3.11.0-12-generi Sat Jan 24 00:36 - 00:45  (00:08)    
niddhi   tty3                          Sat Jan 24 00:32 - down   (00:03)    
niddhi   tty1                          Sat Jan 24 00:30 - down   (00:06)    
reboot   system boot  3.11.0-12-generi Sat Jan 24 00:28 - 00:36  (00:08)    
niddhi   tty3                          Sat Jan 24 00:24 - down   (00:03)    
reboot   system boot  3.11.0-12-generi Sat Jan 24 00:23 - 00:27  (00:04)    
niddhi   tty3                          Sat Jan 24 00:21 - down   (00:01)    
reboot   system boot  3.11.0-12-generi Sat Jan 24 00:20 - 00:22  (00:02)    
niddhi   tty3                          Sat Jan 24 00:13 - down   (00:06)    
guest-PR pts/0        :0               Sat Jan 24 00:04 - 00:05  (00:00)    
reboot   system boot  3.11.0-12-generi Sat Jan 24 00:02 - 00:20  (00:17)    
reboot   system boot  3.11.0-12-generi Fri Jan 23 23:48 - 23:50  (00:01)    
niddhi   pts/1        :0               Fri Jan 23 16:46 - 19:53  (03:07)    
niddhi   pts/0        :0               Fri Jan 23 16:42 - 19:53  (03:10)    
niddhi   pts/5        :0               Fri Jan 23 16:41 - 16:42  (00:01)    
niddhi   pts/0        :0               Fri Jan 23 15:51 - 16:42  (00:51)    
root     pts/0        :1.0             Fri Jan 23 15:42 - 15:42  (00:00)    
niddhi   pts/1        :0               Fri Jan 23 15:07 - 16:41  (01:33)    
niddhi   pts/1        :0               Fri Jan 23 14:53 - 15:07  (00:14)    
niddhi   pts/1        :0               Fri Jan 23 14:38 - 14:53  (00:15)    
reboot   system boot  3.11.0-12-generi Fri Jan 23 14:37 - 20:24  (05:46)    
niddhi   pts/0        :0               Fri Jan 23 14:35 - down   (00:01)    
niddhi   pts/2        :0               Fri Jan 23 14:19 - 14:36  (00:17)    
reboot   system boot  3.11.0-12-generi Fri Jan 23 14:18 - 14:37  (00:18)    
reboot   system boot  3.11.0-12-generi Fri Jan 23 14:16 - 14:18  (00:02)    
guest-wQ pts/3        :1               Wed Jan 21 21:42 - 21:43  (00:01)    
niddhi   pts/1        :0               Wed Jan 21 21:41 - 21:42  (00:00)    
reboot   system boot  3.11.0-12-generi Wed Jan 21 21:41 - 21:45  (00:03)    
niddhi   pts/1        :0               Wed Jan 21 21:29 - down   (00:02)    
reboot   system boot  3.11.0-12-generi Wed Jan 21 21:28 - 21:31  (00:03)    
niddhi   pts/12       :0               Wed Jan 21 13:12 - 13:14  (00:01)    
guest1   pts/16       :2               Wed Jan 21 13:11 - 13:12  (00:00)    
niddhi   pts/12       :0               Wed Jan 21 13:01 - 13:05  (00:03)    

wtmp begins Wed Jan 21 13:01:28 2015
aaaaa
abcd
def
gggg
my name nidhi
eth0      Link encap:Ethernet  HWaddr a0:b3:cc:82:e2:8a  
          UP BROADCAST MULTICAST  MTU:1500  Metric:1
          RX packets:0 errors:0 dropped:0 overruns:0 frame:0
          TX packets:0 errors:0 dropped:0 overruns:0 carrier:0
          collisions:0 txqueuelen:1000 
          RX bytes:0 (0.0 B)  TX bytes:0 (0.0 B)

lo        Link encap:Local Loopback  
          inet addr:127.0.0.1  Mask:255.0.0.0
          inet6 addr: ::1/128 Scope:Host
          UP LOOPBACK RUNNING  MTU:65536  Metric:1
          RX packets:32 errors:0 dropped:0 overruns:0 frame:0
          TX packets:32 errors:0 dropped:0 overruns:0 carrier:0
          collisions:0 txqueuelen:0 
          RX bytes:2480 (2.4 KB)  TX bytes:2480 (2.4 KB)

wlan0     Link encap:Ethernet  HWaddr e0:06:e6:4a:98:e9  
          UP BROADCAST MULTICAST  MTU:1500  Metric:1
          RX packets:0 errors:0 dropped:0 overruns:0 frame:0
          TX packets:0 errors:0 dropped:0 overruns:0 carrier:0
          collisions:0 txqueuelen:1000 
          RX bytes:0 (0.0 B)  TX bytes:0 (0.0 B)

USER       PID %CPU %MEM    VSZ   RSS TTY      STAT START   TIME COMMAND
root       879  0.0  0.0  20024   960 tty4     Ss+  15:28   0:00 /sbin/getty -8 38400 tty4
root       887  0.0  0.0  20024   964 tty5     Ss+  15:28   0:00 /sbin/getty -8 38400 tty5
root       897  0.0  0.0  20024   972 tty2     Ss+  15:28   0:00 /sbin/getty -8 38400 tty2
root       898  0.0  0.0  20024   960 tty3     Ss+  15:28   0:00 /sbin/getty -8 38400 tty3
root       901  0.0  0.0  20024   960 tty6     Ss+  15:28   0:00 /sbin/getty -8 38400 tty6
root      1073  0.6  0.9 360044 59788 tty7     Ssl+ 15:28   0:09 /usr/bin/X -core :0 -auth /var/run/lightdm/root/:0 -nolisten tcp vt7 -novtswitch
root      1080  0.0  0.0  20024   960 tty1     Ss+  15:28   0:00 /sbin/getty -8 38400 tty1
root      2441  0.0  0.0  64952  2280 pts/1    S    15:36   0:00 sudo su
root      2443  0.0  0.0  64404  1768 pts/1    S    15:36   0:00 su
root      2444  0.0  0.0  25228  2148 pts/1    S    15:36   0:00 bash
root      2656  0.0  0.0  22644  1324 pts/1    R+   15:52   0:00 ps -u
         system boot  2015-01-24 15:28
         pts/0        2015-01-24 15:43                 0 id=/0    term=0 exit=0
Linux niddhi-HP-Pavilion-g7-Notebook-PC 3.11.0-26-generic #45-Ubuntu SMP Tue Jul 15 04:02:06 UTC 2014 x86_64 x86_64 x86_64 GNU/Linux
             total       used       free     shared    buffers     cached
Mem:       6008696    1085972    4922724          0      34456     558508
-/+ buffers/cache:     493008    5515688
Swap:            0          0          0
my name nidhi
abcd
def
gggg
aaaaa
[?1h=[H[2J[?25l(B[mtop - 15:57:47 up 29 min,  2 users,  load average: 0.13, 0.10, 0.12(B[m[39;49m(B[m[39;49m[K
Tasks:(B[m[39;49m[1m 194 (B[m[39;49mtotal,(B[m[39;49m[1m   1 (B[m[39;49mrunning,(B[m[39;49m[1m 193 (B[m[39;49msleeping,(B[m[39;49m[1m   0 (B[m[39;49mstopped,(B[m[39;49m[1m   0 (B[m[39;49mzombie(B[m[39;49m(B[m[39;49m[K
%Cpu(s):(B[m[39;49m[1m  0.8 (B[m[39;49mus,(B[m[39;49m[1m  0.3 (B[m[39;49msy,(B[m[39;49m[1m  0.0 (B[m[39;49mni,(B[m[39;49m[1m 96.9 (B[m[39;49mid,(B[m[39;49m[1m  2.0 (B[m[39;49mwa,(B[m[39;49m[1m  0.0 (B[m[39;49mhi,(B[m[39;49m[1m  0.0 (B[m[39;49msi,(B[m[39;49m[1m  0.0 (B[m[39;49mst(B[m[39;49m(B[m[39;49m[K
KiB Mem: (B[m[39;49m[1m  6008696 (B[m[39;49mtotal,(B[m[39;49m[1m  1085176 (B[m[39;49mused,(B[m[39;49m[1m  4923520 (B[m[39;49mfree,(B[m[39;49m[1m    34648 (B[m[39;49mbuffers(B[m[39;49m(B[m[39;49m[K
KiB Swap:(B[m[39;49m[1m        0 (B[m[39;49mtotal,(B[m[39;49m[1m        0 (B[m[39;49mused,(B[m[39;49m[1m        0 (B[m[39;49mfree,(B[m[39;49m[1m   558828 (B[m[39;49mcached(B[m[39;49m(B[m[39;49m[K

[7m  PID USER      PR  NI  VIRT  RES  SHR S  %CPU %MEM    TIME+  COMMAND           (B[m[39;49m
(B[m 1675 niddhi    20   0  416m 4244 2856 S   6.4  0.1   0:05.46 ibus-daemon       (B[m[39;49m
(B[m 2033 niddhi    20   0 1263m  96m  28m S   6.4  1.6   0:15.68 compiz            (B[m[39;49m
(B[m 2685 niddhi    20   0  635m  18m  12m S   6.4  0.3   0:01.08 gnome-terminal    (B[m[39;49m
(B[m[1m 2809 niddhi    20   0 24852 1424 1032 R   6.4  0.0   0:00.01 top               (B[m[39;49m
(B[m    1 root      20   0 27212 2996 1420 S   0.0  0.0   0:00.92 init              (B[m[39;49m
(B[m    2 root      20   0     0    0    0 S   0.0  0.0   0:00.00 kthreadd          (B[m[39;49m
(B[m    3 root      20   0     0    0    0 S   0.0  0.0   0:00.00 ksoftirqd/0       (B[m[39;49m
(B[m    5 root       0 -20     0    0    0 S   0.0  0.0   0:00.00 kworker/0:0H      (B[m[39;49m
(B[m    7 root      rt   0     0    0    0 S   0.0  0.0   0:00.00 migration/0       (B[m[39;49m
(B[m    8 root      20   0     0    0    0 S   0.0  0.0   0:00.00 rcu_bh            (B[m[39;49m
(B[m    9 root      20   0     0    0    0 S   0.0  0.0   0:00.00 rcuob/0           (B[m[39;49m
(B[m   10 root      20   0     0    0    0 S   0.0  0.0   0:00.00 rcuob/1           (B[m[39;49m
(B[m   11 root      20   0     0    0    0 S   0.0  0.0   0:00.00 rcuob/2           (B[m[39;49m
(B[m   12 root      20   0     0    0    0 S   0.0  0.0   0:00.00 rcuob/3           (B[m[39;49m
(B[m   13 root      20   0     0    0    0 S   0.0  0.0   0:00.00 rcuob/4           (B[m[39;49m
(B[m   14 root      20   0     0    0    0 S   0.0  0.0   0:00.00 rcuob/5           (B[m[39;49m
(B[m   15 root      20   0     0    0    0 S   0.0  0.0   0:00.00 rcuob/6           (B[m[39;49m[6;1H[K[?12l[?25h[25;1H[?12l[?25h
             total       used       free     shared    buffers     cached
Mem:          5867       1057       4810          0         33        544
-/+ buffers/cache:        479       5388
Swap:            0          0          0
[    0.000000] Initializing cgroup subsys cpuset
[    0.000000] Initializing cgroup subsys cpu
[    0.000000] Initializing cgroup subsys cpuacct
[    0.000000] Linux version 3.11.0-26-generic (buildd@comet) (gcc version 4.8.1 (Ubuntu/Linaro 4.8.1-10ubuntu8) ) #45-Ubuntu SMP Tue Jul 15 04:02:06 UTC 2014 (Ubuntu 3.11.0-26.45-generic 3.11.10.12)
[    0.000000] Command line: BOOT_IMAGE=/boot/vmlinuz-3.11.0-26-generic root=UUID=2a814307-6695-4aa6-9c36-5786c1834509 ro quiet splash vt.handoff=7
[    0.000000] KERNEL supported cpus:
[    0.000000]   Intel GenuineIntel
[    0.000000]   AMD AuthenticAMD
[    0.000000]   Centaur CentaurHauls
[    0.000000] e820: BIOS-provided physical RAM map:
[    0.000000] BIOS-e820: [mem 0x0000000000000000-0x000000000009d3ff] usable
[    0.000000] BIOS-e820: [mem 0x000000000009d400-0x000000000009ffff] reserved
[    0.000000] BIOS-e820: [mem 0x00000000000e0000-0x00000000000fffff] reserved
[    0.000000] BIOS-e820: [mem 0x0000000000100000-0x000000001fffffff] usable
[    0.000000] BIOS-e820: [mem 0x0000000020000000-0x00000000201fffff] reserved
[    0.000000] BIOS-e820: [mem 0x0000000020200000-0x000000003a6befff] usable
[    0.000000] BIOS-e820: [mem 0x000000003a6bf000-0x000000003aebefff] reserved
[    0.000000] BIOS-e820: [mem 0x000000003aebf000-0x000000003afbefff] ACPI NVS
[    0.000000] BIOS-e820: [mem 0x000000003afbf000-0x000000003affefff] ACPI data
[    0.000000] BIOS-e820: [mem 0x000000003afff000-0x000000003affffff] usable
[    0.000000] BIOS-e820: [mem 0x000000003b000000-0x000000003f9fffff] reserved
[    0.000000] BIOS-e820: [mem 0x00000000e0000000-0x00000000efffffff] reserved
[    0.000000] BIOS-e820: [mem 0x00000000feb00000-0x00000000feb03fff] reserved
[    0.000000] BIOS-e820: [mem 0x00000000fec00000-0x00000000fec00fff] reserved
[    0.000000] BIOS-e820: [mem 0x00000000fed10000-0x00000000fed19fff] reserved
[    0.000000] BIOS-e820: [mem 0x00000000fed1c000-0x00000000fed1ffff] reserved
[    0.000000] BIOS-e820: [mem 0x00000000fee00000-0x00000000fee00fff] reserved
[    0.000000] BIOS-e820: [mem 0x00000000ffd80000-0x00000000ffffffff] reserved
[    0.000000] BIOS-e820: [mem 0x0000000100000000-0x000000023f5fffff] usable
[    0.000000] NX (Execute Disable) protection: active
[    0.000000] SMBIOS 2.7 present.
[    0.000000] DMI: Hewlett-Packard HP Pavilion g7 Notebook PC/1843, BIOS F.22 11/22/2012
[    0.000000] e820: update [mem 0x00000000-0x00000fff] usable ==> reserved
[    0.000000] e820: remove [mem 0x000a0000-0x000fffff] usable
[    0.000000] No AGP bridge found
[    0.000000] e820: last_pfn = 0x23f600 max_arch_pfn = 0x400000000
[    0.000000] MTRR default type: uncachable
[    0.000000] MTRR fixed ranges enabled:
[    0.000000]   00000-9FFFF write-back
[    0.000000]   A0000-BFFFF uncachable
[    0.000000]   C0000-E7FFF write-protect
[    0.000000]   E8000-EFFFF write-combining
[    0.000000]   F0000-FFFFF write-protect
[    0.000000] MTRR variable ranges enabled:
[    0.000000]   0 base 000000000 mask FC0000000 write-back
[    0.000000]   1 base 03B000000 mask FFF000000 uncachable
[    0.000000]   2 base 03C000000 mask FFC000000 uncachable
[    0.000000]   3 base 0FFC00000 mask FFFC00000 write-protect
[    0.000000]   4 base 100000000 mask F00000000 write-back
[    0.000000]   5 base 200000000 mask FC0000000 write-back
[    0.000000]   6 base 23F600000 mask FFFE00000 uncachable
[    0.000000]   7 base 23F800000 mask FFF800000 uncachable
[    0.000000]   8 disabled
[    0.000000]   9 disabled
[    0.000000] x86 PAT enabled: cpu 0, old 0x7040600070406, new 0x7010600070106
[    0.000000] e820: last_pfn = 0x3b000 max_arch_pfn = 0x400000000
[    0.000000] found SMP MP-table at [mem 0x000fe1b0-0x000fe1bf] mapped at [ffff8800000fe1b0]
[    0.000000] Scanning 1 areas for low memory corruption
[    0.000000] Base memory trampoline at [ffff880000097000] 97000 size 24576
[    0.000000] init_memory_mapping: [mem 0x00000000-0x000fffff]
[    0.000000]  [mem 0x00000000-0x000fffff] page 4k
[    0.000000] BRK [0x01fd1000, 0x01fd1fff] PGTABLE
[    0.000000] BRK [0x01fd2000, 0x01fd2fff] PGTABLE
[    0.000000] BRK [0x01fd3000, 0x01fd3fff] PGTABLE
[    0.000000] init_memory_mapping: [mem 0x23f400000-0x23f5fffff]
[    0.000000]  [mem 0x23f400000-0x23f5fffff] page 2M
[    0.000000] BRK [0x01fd4000, 0x01fd4fff] PGTABLE
[    0.000000] init_memory_mapping: [mem 0x23c000000-0x23f3fffff]
[    0.000000]  [mem 0x23c000000-0x23f3fffff] page 2M
[    0.000000] init_memory_mapping: [mem 0x200000000-0x23bffffff]
[    0.000000]  [mem 0x200000000-0x23bffffff] page 2M
[    0.000000] init_memory_mapping: [mem 0x00100000-0x1fffffff]
[    0.000000]  [mem 0x00100000-0x001fffff] page 4k
[    0.000000]  [mem 0x00200000-0x1fffffff] page 2M
[    0.000000] init_memory_mapping: [mem 0x20200000-0x3a6befff]
[    0.000000]  [mem 0x20200000-0x3a5fffff] page 2M
[    0.000000]  [mem 0x3a600000-0x3a6befff] page 4k
[    0.000000] BRK [0x01fd5000, 0x01fd5fff] PGTABLE
[    0.000000] init_memory_mapping: [mem 0x3afff000-0x3affffff]
[    0.000000]  [mem 0x3afff000-0x3affffff] page 4k
[    0.000000] BRK [0x01fd6000, 0x01fd6fff] PGTABLE
[    0.000000] init_memory_mapping: [mem 0x100000000-0x1ffffffff]
[    0.000000]  [mem 0x100000000-0x1ffffffff] page 2M
[    0.000000] RAMDISK: [mem 0x35eae000-0x36f4efff]
[    0.000000] ACPI: RSDP 00000000000fe020 00024 (v02 HPQOEM)
[    0.000000] ACPI: XSDT 000000003affe210 0009C (v01 HPQOEM SLIC-MPC 00000001 HP   01000013)
[    0.000000] ACPI: FACP 000000003affb000 0010C (v05 HPQOEM SLIC-MPC 00000001 HP   00040000)
[    0.000000] ACPI: DSDT 000000003afe9000 0E94E (v01 HPQOEM INSYDE   00000000 INTL 00040000)
[    0.000000] ACPI: FACS 000000003afba000 00040
[    0.000000] ACPI: UEFI 000000003affd000 00236 (v01 HPQOEM 1843     00000001 HP   00040000)
[    0.000000] ACPI: ASF! 000000003affc000 000A5 (v32 HPQOEM 1843     00000001 HP   00040000)
[    0.000000] ACPI: HPET 000000003affa000 00038 (v01 HPQOEM 1843     00000001 HP   00040000)
[    0.000000] ACPI: APIC 000000003aff9000 0008C (v03 HPQOEM 1843     00000001 HP   00040000)
[    0.000000] ACPI: MCFG 000000003aff8000 0003C (v01 HPQOEM 1843     00000001 HP   00040000)
[    0.000000] ACPI: SLIC 000000003afe8000 00176 (v01 HPQOEM SLIC-MPC 00000001 SLIC 000F4240)
[    0.000000] ACPI: WDAT 000000003afe7000 00224 (v01 HPQOEM 1843     00000001 HP   00040000)
[    0.000000] ACPI: SSDT 000000003afe6000 00E21 (v01 HPQOEM INSYDE   00001000 INTL 00040000)
[    0.000000] ACPI: BOOT 000000003afe4000 00028 (v01 HPQOEM 1843     00000001 HP   00040000)
[    0.000000] ACPI: ASPT 000000003afe2000 00034 (v07 HPQOEM 1843     00000001 HP   00040000)
[    0.000000] ACPI: DBGP 000000003afe1000 00034 (v01 HPQOEM 1843     00000001 HP   00040000)
[    0.000000] ACPI: FPDT 000000003afdf000 00044 (v01 HPQOEM 1843     00000001 HP   00040000)
[    0.000000] ACPI: SSDT 000000003afdd000 00968 (v01 HPQOEM INSYDE   00003000 INTL 00040000)
[    0.000000] ACPI: SSDT 000000003afdc000 00B22 (v01 HPQOEM INSYDE   00003000 INTL 00040000)
[    0.000000] ACPI: Local APIC address 0xfee00000
[    0.000000] No NUMA configuration found
[    0.000000] Faking a node at [mem 0x0000000000000000-0x000000023f5fffff]
[    0.000000] Initmem setup node 0 [mem 0x00000000-0x23f5fffff]
[    0.000000]   NODE_DATA [mem 0x23f5f7000-0x23f5fbfff]
[    0.000000]  [ffffea0000000000-ffffea0008ffffff] PMD -> [ffff880238c00000-ffff88023ebfffff] on node 0
[    0.000000] Zone ranges:
[    0.000000]   DMA      [mem 0x00001000-0x00ffffff]
[    0.000000]   DMA32    [mem 0x01000000-0xffffffff]
[    0.000000]   Normal   [mem 0x100000000-0x23f5fffff]
[    0.000000] Movable zone start for each node
[    0.000000] Early memory node ranges
[    0.000000]   node   0: [mem 0x00001000-0x0009cfff]
[    0.000000]   node   0: [mem 0x00100000-0x1fffffff]
[    0.000000]   node   0: [mem 0x20200000-0x3a6befff]
[    0.000000]   node   0: [mem 0x3afff000-0x3affffff]
[    0.000000]   node   0: [mem 0x100000000-0x23f5fffff]
[    0.000000] On node 0 totalpages: 1546844
[    0.000000]   DMA zone: 64 pages used for memmap
[    0.000000]   DMA zone: 21 pages reserved
[    0.000000]   DMA zone: 3996 pages, LIFO batch:0
[    0.000000]   DMA32 zone: 3667 pages used for memmap
[    0.000000]   DMA32 zone: 234688 pages, LIFO batch:31
[    0.000000]   Normal zone: 20440 pages used for memmap
[    0.000000]   Normal zone: 1308160 pages, LIFO batch:31
[    0.000000] ACPI: PM-Timer IO Port: 0x408
[    0.000000] ACPI: Local APIC address 0xfee00000
[    0.000000] ACPI: LAPIC (acpi_id[0x01] lapic_id[0x00] enabled)
[    0.000000] ACPI: LAPIC (acpi_id[0x02] lapic_id[0x01] enabled)
[    0.000000] ACPI: LAPIC (acpi_id[0x03] lapic_id[0x02] enabled)
[    0.000000] ACPI: LAPIC (acpi_id[0x04] lapic_id[0x03] enabled)
[    0.000000] ACPI: LAPIC (acpi_id[0x05] lapic_id[0x00] disabled)
[    0.000000] ACPI: LAPIC (acpi_id[0x06] lapic_id[0x00] disabled)
[    0.000000] ACPI: LAPIC (acpi_id[0x07] lapic_id[0x00] disabled)
[    0.000000] ACPI: LAPIC (acpi_id[0x08] lapic_id[0x00] disabled)
[    0.000000] ACPI: IOAPIC (id[0x00] address[0xfec00000] gsi_base[0])
[    0.000000] IOAPIC[0]: apic_id 0, version 32, address 0xfec00000, GSI 0-23
[    0.000000] ACPI: INT_SRC_OVR (bus 0 bus_irq 0 global_irq 2 dfl dfl)
[    0.000000] ACPI: INT_SRC_OVR (bus 0 bus_irq 9 global_irq 9 high level)
[    0.000000] ACPI: IRQ0 used by override.
[    0.000000] ACPI: IRQ2 used by override.
[    0.000000] ACPI: IRQ9 used by override.
[    0.000000] Using ACPI (MADT) for SMP configuration information
[    0.000000] ACPI: HPET id: 0x8086a201 base: 0xfed00000
[    0.000000] smpboot: Allowing 8 CPUs, 4 hotplug CPUs
[    0.000000] nr_irqs_gsi: 40
[    0.000000] PM: Registered nosave memory: [mem 0x0009d000-0x0009dfff]
[    0.000000] PM: Registered nosave memory: [mem 0x0009e000-0x0009ffff]
[    0.000000] PM: Registered nosave memory: [mem 0x000a0000-0x000dffff]
[    0.000000] PM: Registered nosave memory: [mem 0x000e0000-0x000fffff]
[    0.000000] PM: Registered nosave memory: [mem 0x20000000-0x201fffff]
[    0.000000] PM: Registered nosave memory: [mem 0x3a6bf000-0x3aebefff]
[    0.000000] PM: Registered nosave memory: [mem 0x3aebf000-0x3afbefff]
[    0.000000] PM: Registered nosave memory: [mem 0x3afbf000-0x3affefff]
[    0.000000] PM: Registered nosave memory: [mem 0x3b000000-0x3f9fffff]
[    0.000000] PM: Registered nosave memory: [mem 0x3fa00000-0xdfffffff]
[    0.000000] PM: Registered nosave memory: [mem 0xe0000000-0xefffffff]
[    0.000000] PM: Registered nosave memory: [mem 0xf0000000-0xfeafffff]
[    0.000000] PM: Registered nosave memory: [mem 0xfeb00000-0xfeb03fff]
[    0.000000] PM: Registered nosave memory: [mem 0xfeb04000-0xfebfffff]
[    0.000000] PM: Registered nosave memory: [mem 0xfec00000-0xfec00fff]
[    0.000000] PM: Registered nosave memory: [mem 0xfec01000-0xfed0ffff]
[    0.000000] PM: Registered nosave memory: [mem 0xfed10000-0xfed19fff]
[    0.000000] PM: Registered nosave memory: [mem 0xfed1a000-0xfed1bfff]
[    0.000000] PM: Registered nosave memory: [mem 0xfed1c000-0xfed1ffff]
[    0.000000] PM: Registered nosave memory: [mem 0xfed20000-0xfedfffff]
[    0.000000] PM: Registered nosave memory: [mem 0xfee00000-0xfee00fff]
[    0.000000] PM: Registered nosave memory: [mem 0xfee01000-0xffd7ffff]
[    0.000000] PM: Registered nosave memory: [mem 0xffd80000-0xffffffff]
[    0.000000] e820: [mem 0x3fa00000-0xdfffffff] available for PCI devices
[    0.000000] Booting paravirtualized kernel on bare hardware
[    0.000000] setup_percpu: NR_CPUS:256 nr_cpumask_bits:256 nr_cpu_ids:8 nr_node_ids:1
[    0.000000] PERCPU: Embedded 29 pages/cpu @ffff88023f200000 s86720 r8192 d23872 u262144
[    0.000000] pcpu-alloc: s86720 r8192 d23872 u262144 alloc=1*2097152
[    0.000000] pcpu-alloc: [0] 0 1 2 3 4 5 6 7 
[    0.000000] Built 1 zonelists in Zone order, mobility grouping on.  Total pages: 1522652
[    0.000000] Policy zone: Normal
[    0.000000] Kernel command line: BOOT_IMAGE=/boot/vmlinuz-3.11.0-26-generic root=UUID=2a814307-6695-4aa6-9c36-5786c1834509 ro quiet splash vt.handoff=7
[    0.000000] PID hash table entries: 4096 (order: 3, 32768 bytes)
[    0.000000] xsave: enabled xstate_bv 0x7, cntxt size 0x340
[    0.000000] Checking aperture...
[    0.000000] No AGP bridge found
[    0.000000] Calgary: detecting Calgary via BIOS EBDA area
[    0.000000] Calgary: Unable to locate Rio Grande table in EBDA - bailing!
[    0.000000] Memory: 5988472K/6187376K available (7161K kernel code, 1083K rwdata, 3312K rodata, 1364K init, 1420K bss, 198904K reserved)
[    0.000000] SLUB: HWalign=64, Order=0-3, MinObjects=0, CPUs=8, Nodes=1
[    0.000000] Hierarchical RCU implementation.
[    0.000000] 	RCU dyntick-idle grace-period acceleration is enabled.
[    0.000000] 	RCU restricting CPUs from NR_CPUS=256 to nr_cpu_ids=8.
[    0.000000] 	Offload RCU callbacks from all CPUs
[    0.000000] 	Offload RCU callbacks from CPUs: 0-255.
[    0.000000] NR_IRQS:16640 nr_irqs:744 16
[    0.000000] Console: colour dummy device 80x25
[    0.000000] console [tty0] enabled
[    0.000000] allocated 25165824 bytes of page_cgroup
[    0.000000] please try 'cgroup_disable=memory' option if you don't want memory cgroups
[    0.000000] hpet clockevent registered
[    0.000000] tsc: Fast TSC calibration using PIT
[    0.004000] tsc: Detected 2494.228 MHz processor
[    0.000002] Calibrating delay loop (skipped), value calculated using timer frequency.. 4988.45 BogoMIPS (lpj=9976912)
[    0.000005] pid_max: default: 32768 minimum: 301
[    0.000025] Security Framework initialized
[    0.000040] AppArmor: AppArmor initialized
[    0.000041] Yama: becoming mindful.
[    0.000495] Dentry cache hash table entries: 1048576 (order: 11, 8388608 bytes)
[    0.002441] Inode-cache hash table entries: 524288 (order: 10, 4194304 bytes)
[    0.003301] Mount-cache hash table entries: 256
[    0.003455] Initializing cgroup subsys memory
[    0.003462] Initializing cgroup subsys devices
[    0.003464] Initializing cgroup subsys freezer
[    0.003465] Initializing cgroup subsys blkio
[    0.003466] Initializing cgroup subsys perf_event
[    0.003468] Initializing cgroup subsys hugetlb
[    0.003486] CPU: Physical Processor ID: 0
[    0.003487] CPU: Processor Core ID: 0
[    0.003492] ENERGY_PERF_BIAS: Set to 'normal', was 'performance'
[    0.003492] ENERGY_PERF_BIAS: View and update with x86_energy_perf_policy(8)
[    0.003848] mce: CPU supports 7 MCE banks
[    0.003858] CPU0: Thermal monitoring enabled (TM1)
[    0.003867] Last level iTLB entries: 4KB 512, 2MB 0, 4MB 0
[    0.003867] Last level dTLB entries: 4KB 512, 2MB 32, 4MB 32
[    0.003867] tlb_flushall_shift: 2
[    0.003986] Freeing SMP alternatives memory: 28K (ffffffff81e65000 - ffffffff81e6c000)
[    0.006011] ACPI: Core revision 20130517
[    0.010894] ACPI: All ACPI Tables successfully acquired
[    0.024672] ftrace: allocating 27874 entries in 109 pages
[    0.037675] ..TIMER: vector=0x30 apic1=0 pin1=2 apic2=-1 pin2=-1
[    0.077405] smpboot: CPU0: Intel(R) Core(TM) i5-3210M CPU @ 2.50GHz (fam: 06, model: 3a, stepping: 09)
[    0.077413] TSC deadline timer enabled
[    0.077423] Performance Events: PEBS fmt1+, 16-deep LBR, IvyBridge events, full-width counters, Intel PMU driver.
[    0.077429] ... version:                3
[    0.077430] ... bit width:              48
[    0.077430] ... generic registers:      4
[    0.077431] ... value mask:             0000ffffffffffff
[    0.077432] ... max period:             0000ffffffffffff
[    0.077433] ... fixed-purpose events:   3
[    0.077434] ... event mask:             000000070000000f
[    0.092296] NMI watchdog: enabled on all CPUs, permanently consumes one hw-PMU counter.
[    0.078773] smpboot: Booting Node   0, Processors  #1 #2 #3
[    0.119258] Brought up 4 CPUs
[    0.119261] smpboot: Total of 4 processors activated (19953.82 BogoMIPS)
[    0.122359] devtmpfs: initialized
[    0.123200] EVM: security.selinux
[    0.123201] EVM: security.SMACK64
[    0.123202] EVM: security.capability
[    0.123248] PM: Registering ACPI NVS region [mem 0x3aebf000-0x3afbefff] (1048576 bytes)
[    0.124019] regulator-dummy: no parameters
[    0.124048] RTC time: 15:27:53, date: 01/24/15
[    0.124077] NET: Registered protocol family 16
[    0.124189] ACPI FADT declares the system doesn't support PCIe ASPM, so disable it
[    0.124190] ACPI: bus type PCI registered
[    0.124192] acpiphp: ACPI Hot Plug PCI Controller Driver version: 0.5
[    0.124241] PCI: MMCONFIG for domain 0000 [bus 00-ff] at [mem 0xe0000000-0xefffffff] (base 0xe0000000)
[    0.124244] PCI: MMCONFIG at [mem 0xe0000000-0xefffffff] reserved in E820
[    0.143994] PCI: Using configuration type 1 for base access
[    0.144134] mtrr: your CPUs had inconsistent variable MTRR settings
[    0.144135] mtrr: probably your BIOS does not setup all CPUs.
[    0.144135] mtrr: corrected configuration.
[    0.144716] bio: create slab <bio-0> at 0
[    0.144855] ACPI: Added _OSI(Module Device)
[    0.144857] ACPI: Added _OSI(Processor Device)
[    0.144858] ACPI: Added _OSI(3.0 _SCP Extensions)
[    0.144859] ACPI: Added _OSI(Processor Aggregator Device)
[    0.146034] ACPI: EC: Look up EC in DSDT
[    0.147177] ACPI: Executed 1 blocks of module-level executable AML code
[    0.151391] [Firmware Bug]: ACPI: BIOS _OSI(Linux) query ignored
[    0.151721] ACPI: SSDT 000000003ae5b018 0083B (v01  PmRef  Cpu0Cst 00003001 INTL 20111123)
[    0.152026] ACPI: Dynamic OEM Table Load:
[    0.152028] ACPI: SSDT           (null) 0083B (v01  PmRef  Cpu0Cst 00003001 INTL 20111123)
[    0.158027] ACPI: SSDT 000000003ae5ca98 00303 (v01  PmRef    ApIst 00003000 INTL 20111123)
[    0.158358] ACPI: Dynamic OEM Table Load:
[    0.158360] ACPI: SSDT           (null) 00303 (v01  PmRef    ApIst 00003000 INTL 20111123)
[    0.161916] ACPI: SSDT 000000003ae15d98 00119 (v01  PmRef    ApCst 00003000 INTL 20111123)
[    0.162215] ACPI: Dynamic OEM Table Load:
[    0.162216] ACPI: SSDT           (null) 00119 (v01  PmRef    ApCst 00003000 INTL 20111123)
[    0.835833] ACPI: Interpreter enabled
[    0.835840] ACPI Exception: AE_NOT_FOUND, While evaluating Sleep State [\_S1_] (20130517/hwxface-571)
[    0.835844] ACPI Exception: AE_NOT_FOUND, While evaluating Sleep State [\_S2_] (20130517/hwxface-571)
[    0.835858] ACPI: (supports S0 S3 S4 S5)
[    0.835860] ACPI: Using IOAPIC for interrupt routing
[    0.835885] PCI: Using host bridge windows from ACPI; if necessary, use "pci=nocrs" and report a bug
[    0.835961] ACPI: No dock devices found.
[    0.840907] ACPI: PCI Root Bridge [PCI0] (domain 0000 [bus 00-fe])
[    0.840965] \_SB_.PCI0:_OSC invalid UUID
[    0.840966] _OSC request data:1 8 0 
[    0.841006] \_SB_.PCI0:_OSC invalid UUID
[    0.841007] _OSC request data:1 1f 0 
[    0.841010] acpi PNP0A08:00: ACPI _OSC support notification failed, disabling PCIe ASPM
[    0.841012] acpi PNP0A08:00: Unable to request _OSC control (_OSC support mask: 0x08)
[    0.841505] PCI host bridge to bus 0000:00
[    0.841508] pci_bus 0000:00: root bus resource [bus 00-fe]
[    0.841510] pci_bus 0000:00: root bus resource [io  0x0000-0x0cf7]
[    0.841511] pci_bus 0000:00: root bus resource [io  0x0d00-0xffff]
[    0.841513] pci_bus 0000:00: root bus resource [mem 0x000a0000-0x000bffff]
[    0.841514] pci_bus 0000:00: root bus resource [mem 0x3fa00000-0xfeafffff]
[    0.841522] pci 0000:00:00.0: [8086:0154] type 00 class 0x060000
[    0.841588] pci 0000:00:02.0: [8086:0166] type 00 class 0x030000
[    0.841598] pci 0000:00:02.0: reg 0x10: [mem 0x52000000-0x523fffff 64bit]
[    0.841604] pci 0000:00:02.0: reg 0x18: [mem 0x40000000-0x4fffffff 64bit pref]
[    0.841608] pci 0000:00:02.0: reg 0x20: [io  0x4000-0x403f]
[    0.841688] pci 0000:00:14.0: [8086:1e31] type 00 class 0x0c0330
[    0.841711] pci 0000:00:14.0: reg 0x10: [mem 0x52600000-0x5260ffff 64bit]
[    0.841782] pci 0000:00:14.0: PME# supported from D3hot D3cold
[    0.841811] pci 0000:00:14.0: System wakeup disabled by ACPI
[    0.841843] pci 0000:00:16.0: [8086:1e3a] type 00 class 0x078000
[    0.841867] pci 0000:00:16.0: reg 0x10: [mem 0x52614000-0x5261400f 64bit]
[    0.841943] pci 0000:00:16.0: PME# supported from D0 D3hot D3cold
[    0.842010] pci 0000:00:1a.0: [8086:1e2d] type 00 class 0x0c0320
[    0.842032] pci 0000:00:1a.0: reg 0x10: [mem 0x52619000-0x526193ff]
[    0.842122] pci 0000:00:1a.0: PME# supported from D0 D3hot D3cold
[    0.842286] pci 0000:00:1a.0: System wakeup disabled by ACPI
[    0.842324] pci 0000:00:1b.0: [8086:1e20] type 00 class 0x040300
[    0.842344] pci 0000:00:1b.0: reg 0x10: [mem 0x52610000-0x52613fff 64bit]
[    0.842413] pci 0000:00:1b.0: PME# supported from D0 D3hot D3cold
[    0.842444] pci 0000:00:1b.0: System wakeup disabled by ACPI
[    0.842472] pci 0000:00:1c.0: [8086:1e10] type 01 class 0x060400
[    0.842551] pci 0000:00:1c.0: PME# supported from D0 D3hot D3cold
[    0.842585] pci 0000:00:1c.0: System wakeup disabled by ACPI
[    0.842614] pci 0000:00:1c.1: [8086:1e12] type 01 class 0x060400
[    0.842693] pci 0000:00:1c.1: PME# supported from D0 D3hot D3cold
[    0.842725] pci 0000:00:1c.1: System wakeup disabled by ACPI
[    0.842755] pci 0000:00:1c.2: [8086:1e14] type 01 class 0x060400
[    0.842833] pci 0000:00:1c.2: PME# supported from D0 D3hot D3cold
[    0.842867] pci 0000:00:1c.2: System wakeup disabled by ACPI
[    0.842902] pci 0000:00:1d.0: [8086:1e26] type 00 class 0x0c0320
[    0.842924] pci 0000:00:1d.0: reg 0x10: [mem 0x52618000-0x526183ff]
[    0.843014] pci 0000:00:1d.0: PME# supported from D0 D3hot D3cold
[    0.843239] pci 0000:00:1d.0: System wakeup disabled by ACPI
[    0.843269] pci 0000:00:1f.0: [8086:1e59] type 00 class 0x060100
[    0.843426] pci 0000:00:1f.2: [8086:1e03] type 00 class 0x010601
[    0.843446] pci 0000:00:1f.2: reg 0x10: [io  0x4088-0x408f]
[    0.843455] pci 0000:00:1f.2: reg 0x14: [io  0x4094-0x4097]
[    0.843463] pci 0000:00:1f.2: reg 0x18: [io  0x4080-0x4087]
[    0.843471] pci 0000:00:1f.2: reg 0x1c: [io  0x4090-0x4093]
[    0.843479] pci 0000:00:1f.2: reg 0x20: [io  0x4060-0x407f]
[    0.843488] pci 0000:00:1f.2: reg 0x24: [mem 0x52617000-0x526177ff]
[    0.843533] pci 0000:00:1f.2: PME# supported from D3hot
[    0.843582] pci 0000:00:1f.3: [8086:1e22] type 00 class 0x0c0500
[    0.843598] pci 0000:00:1f.3: reg 0x10: [mem 0x52615000-0x526150ff 64bit]
[    0.843619] pci 0000:00:1f.3: reg 0x20: [io  0x4040-0x405f]
[    0.843767] pci 0000:01:00.0: [1814:539a] type 00 class 0x028000
[    0.843788] pci 0000:01:00.0: reg 0x10: [mem 0x52500000-0x5250ffff]
[    0.851335] pci 0000:00:1c.0: PCI bridge to [bus 01]
[    0.851354] pci 0000:00:1c.0:   bridge window [mem 0x52500000-0x525fffff]
[    0.851439] pci 0000:02:00.0: [10ec:8136] type 00 class 0x020000
[    0.851459] pci 0000:02:00.0: reg 0x10: [io  0x3000-0x30ff]
[    0.851494] pci 0000:02:00.0: reg 0x18: [mem 0x52404000-0x52404fff 64bit pref]
[    0.851515] pci 0000:02:00.0: reg 0x20: [mem 0x52400000-0x52403fff 64bit pref]
[    0.851608] pci 0000:02:00.0: supports D1 D2
[    0.851610] pci 0000:02:00.0: PME# supported from D0 D1 D2 D3hot D3cold
[    0.851657] pci 0000:02:00.0: System wakeup disabled by ACPI
[    0.859330] pci 0000:00:1c.1: PCI bridge to [bus 02]
[    0.859338] pci 0000:00:1c.1:   bridge window [io  0x3000-0x3fff]
[    0.859363] pci 0000:00:1c.1:   bridge window [mem 0x52400000-0x524fffff 64bit pref]
[    0.859518] pci 0000:03:00.0: [10ec:5229] type 00 class 0xff0000
[    0.859581] pci 0000:03:00.0: reg 0x10: [mem 0x51000000-0x51000fff]
[    0.860069] pci 0000:03:00.0: supports D1 D2
[    0.860070] pci 0000:03:00.0: PME# supported from D1 D2 D3hot
[    0.867390] pci 0000:00:1c.2: PCI bridge to [bus 03-08]
[    0.867394] pci 0000:00:1c.2:   bridge window [io  0x2000-0x2fff]
[    0.867399] pci 0000:00:1c.2:   bridge window [mem 0x51000000-0x51ffffff]
[    0.867405] pci 0000:00:1c.2:   bridge window [mem 0x50000000-0x50ffffff 64bit pref]
[    0.867739] ACPI: PCI Interrupt Link [LNKA] (IRQs 1 3 4 5 6 10 *11 12 14 15)
[    0.867786] ACPI: PCI Interrupt Link [LNKB] (IRQs 1 3 4 5 6 10 *11 12 14 15)
[    0.867830] ACPI: PCI Interrupt Link [LNKC] (IRQs 1 3 4 5 6 10 *11 12 14 15)
[    0.867874] ACPI: PCI Interrupt Link [LNKD] (IRQs 1 3 4 5 6 *10 11 12 14 15)
[    0.867918] ACPI: PCI Interrupt Link [LNKE] (IRQs 1 3 4 5 6 10 *11 12 14 15)
[    0.867962] ACPI: PCI Interrupt Link [LNKF] (IRQs 1 3 4 5 6 10 *11 12 14 15)
[    0.868007] ACPI: PCI Interrupt Link [LNKG] (IRQs 1 3 4 5 6 10 *11 12 14 15)
[    0.868050] ACPI: PCI Interrupt Link [LNKH] (IRQs 1 3 4 5 6 10 11 12 14 15) *0, disabled.
[    0.868288] ACPI: Enabled 4 GPEs in block 00 to 3F
[    0.868295] ACPI: \_SB_.PCI0: notify handler is installed
[    0.868329] Found 1 acpi root devices
[    0.868365] ACPI: EC: GPE = 0x1d, I/O: command/status = 0x66, data = 0x62
[    0.868439] vgaarb: device added: PCI:0000:00:02.0,decodes=io+mem,owns=io+mem,locks=none
[    0.868442] vgaarb: loaded
[    0.868443] vgaarb: bridge control possible 0000:00:02.0
[    0.868571] SCSI subsystem initialized
[    0.868573] ACPI: bus type ATA registered
[    0.868612] libata version 3.00 loaded.
[    0.868623] ACPI: bus type USB registered
[    0.868638] usbcore: registered new interface driver usbfs
[    0.868644] usbcore: registered new interface driver hub
[    0.868661] usbcore: registered new device driver usb
[    0.868745] PCI: Using ACPI for IRQ routing
[    0.876127] PCI: pci_cache_line_size set to 64 bytes
[    0.876232] e820: reserve RAM buffer [mem 0x0009d400-0x0009ffff]
[    0.876234] e820: reserve RAM buffer [mem 0x3a6bf000-0x3bffffff]
[    0.876235] e820: reserve RAM buffer [mem 0x3b000000-0x3bffffff]
[    0.876236] e820: reserve RAM buffer [mem 0x23f600000-0x23fffffff]
[    0.876302] NetLabel: Initializing
[    0.876303] NetLabel:  domain hash size = 128
[    0.876304] NetLabel:  protocols = UNLABELED CIPSOv4
[    0.876311] NetLabel:  unlabeled traffic allowed by default
[    0.876356] hpet0: at MMIO 0xfed00000, IRQs 2, 8, 0, 0, 0, 0, 0, 0
[    0.876361] hpet0: 8 comparators, 64-bit 14.318180 MHz counter
[    0.878383] Switched to clocksource hpet
[    0.882125] AppArmor: AppArmor Filesystem Enabled
[    0.882146] pnp: PnP ACPI init
[    0.882158] ACPI: bus type PNP registered
[    0.882437] pnp 00:00: [dma 4]
[    0.882457] pnp 00:00: Plug and Play ACPI device, IDs PNP0200 (active)
[    0.882474] pnp 00:01: Plug and Play ACPI device, IDs INT0800 (active)
[    0.882549] pnp 00:02: Plug and Play ACPI device, IDs PNP0103 (active)
[    0.882576] pnp 00:03: Plug and Play ACPI device, IDs PNP0c04 (active)
[    0.882614] system 00:04: [io  0x0680-0x069f] has been reserved
[    0.882616] system 00:04: [io  0x1000-0x100f] has been reserved
[    0.882617] system 00:04: [io  0xffff] has been reserved
[    0.882619] system 00:04: [io  0xffff] has been reserved
[    0.882621] system 00:04: [io  0x0400-0x0453] could not be reserved
[    0.882622] system 00:04: [io  0x0458-0x047f] has been reserved
[    0.882624] system 00:04: [io  0x0500-0x057f] has been reserved
[    0.882626] system 00:04: [io  0x164e-0x164f] has been reserved
[    0.882627] system 00:04: [io  0x0454-0x0457] has been reserved
[    0.882629] system 00:04: [io  0x0380-0x0387] has been reserved
[    0.882631] system 00:04: Plug and Play ACPI device, IDs PNP0c02 (active)
[    0.882652] pnp 00:05: Plug and Play ACPI device, IDs PNP0b00 (active)
[    0.882684] pnp 00:06: Plug and Play ACPI device, IDs HPQ8001 PNP0303 (active)
[    0.882711] pnp 00:07: Plug and Play ACPI device, IDs SYN1e61 SYN1e00 SYN0002 PNP0f13 (active)
[    0.882749] pnp 00:08: Plug and Play ACPI device, IDs HPQ0004 (active)
[    0.882878] system 00:09: [mem 0xfed1c000-0xfed1ffff] has been reserved
[    0.882880] system 00:09: [mem 0xfed10000-0xfed17fff] has been reserved
[    0.882882] system 00:09: [mem 0xfed18000-0xfed18fff] has been reserved
[    0.882883] system 00:09: [mem 0xfed19000-0xfed19fff] has been reserved
[    0.882885] system 00:09: [mem 0xe0000000-0xefffffff] has been reserved
[    0.882887] system 00:09: [mem 0xfed20000-0xfed3ffff] has been reserved
[    0.882888] system 00:09: [mem 0xfed90000-0xfed93fff] has been reserved
[    0.882890] system 00:09: [mem 0xff000000-0xffffffff] could not be reserved
[    0.882892] system 00:09: [mem 0xfee00000-0xfeefffff] could not be reserved
[    0.882894] system 00:09: [mem 0x3fa00000-0x3fa00fff] has been reserved
[    0.882896] system 00:09: Plug and Play ACPI device, IDs PNP0c02 (active)
[    0.883051] pnp 00:0a: disabling [mem 0x40004000-0x40004fff] because it overlaps 0000:00:02.0 BAR 2 [mem 0x40000000-0x4fffffff 64bit pref]
[    0.883071] system 00:0a: [mem 0x20000000-0x201fffff] has been reserved
[    0.883073] system 00:0a: Plug and Play ACPI device, IDs PNP0c01 (active)
[    0.883086] pnp: PnP ACPI: found 11 devices
[    0.883087] ACPI: bus type PNP unregistered
[    0.889156] pci 0000:00:1c.0: PCI bridge to [bus 01]
[    0.889163] pci 0000:00:1c.0:   bridge window [mem 0x52500000-0x525fffff]
[    0.889171] pci 0000:00:1c.1: PCI bridge to [bus 02]
[    0.889175] pci 0000:00:1c.1:   bridge window [io  0x3000-0x3fff]
[    0.889182] pci 0000:00:1c.1:   bridge window [mem 0x52400000-0x524fffff 64bit pref]
[    0.889188] pci 0000:00:1c.2: PCI bridge to [bus 03-08]
[    0.889192] pci 0000:00:1c.2:   bridge window [io  0x2000-0x2fff]
[    0.889196] pci 0000:00:1c.2:   bridge window [mem 0x51000000-0x51ffffff]
[    0.889200] pci 0000:00:1c.2:   bridge window [mem 0x50000000-0x50ffffff 64bit pref]
[    0.889400] pci_bus 0000:00: resource 4 [io  0x0000-0x0cf7]
[    0.889402] pci_bus 0000:00: resource 5 [io  0x0d00-0xffff]
[    0.889403] pci_bus 0000:00: resource 6 [mem 0x000a0000-0x000bffff]
[    0.889405] pci_bus 0000:00: resource 7 [mem 0x3fa00000-0xfeafffff]
[    0.889407] pci_bus 0000:01: resource 1 [mem 0x52500000-0x525fffff]
[    0.889408] pci_bus 0000:02: resource 0 [io  0x3000-0x3fff]
[    0.889410] pci_bus 0000:02: resource 2 [mem 0x52400000-0x524fffff 64bit pref]
[    0.889411] pci_bus 0000:03: resource 0 [io  0x2000-0x2fff]
[    0.889413] pci_bus 0000:03: resource 1 [mem 0x51000000-0x51ffffff]
[    0.889414] pci_bus 0000:03: resource 2 [mem 0x50000000-0x50ffffff 64bit pref]
[    0.889438] NET: Registered protocol family 2
[    0.889608] TCP established hash table entries: 65536 (order: 8, 1048576 bytes)
[    0.889775] TCP bind hash table entries: 65536 (order: 8, 1048576 bytes)
[    0.889886] TCP: Hash tables configured (established 65536 bind 65536)
[    0.889902] TCP: reno registered
[    0.889911] UDP hash table entries: 4096 (order: 5, 131072 bytes)
[    0.889936] UDP-Lite hash table entries: 4096 (order: 5, 131072 bytes)
[    0.889997] NET: Registered protocol family 1
[    0.890007] pci 0000:00:02.0: Boot video device
[    0.922589] PCI: CLS 64 bytes, default 64
[    0.922634] Trying to unpack rootfs image as initramfs...
[    1.176242] Freeing initrd memory: 17028K (ffff880035eae000 - ffff880036f4f000)
[    1.176247] PCI-DMA: Using software bounce buffering for IO (SWIOTLB)
[    1.176249] software IO TLB [mem 0x31eae000-0x35eae000] (64MB) mapped at [ffff880031eae000-ffff880035eadfff]
[    1.176280] Simple Boot Flag at 0x44 set to 0x1
[    1.176422] Scanning for low memory corruption every 60 seconds
[    1.176657] Initialise module verification
[    1.176691] audit: initializing netlink socket (disabled)
[    1.176701] type=2000 audit(1422113274.164:1): initialized
[    1.201442] bounce pool size: 64 pages
[    1.201450] HugeTLB registered 2 MB page size, pre-allocated 0 pages
[    1.202362] zbud: loaded
[    1.202482] VFS: Disk quotas dquot_6.5.2
[    1.202513] Dquot-cache hash table entries: 512 (order 0, 4096 bytes)
[    1.202907] fuse init (API version 7.22)
[    1.202964] msgmni has been set to 11729
[    1.203399] Key type asymmetric registered
[    1.203400] Asymmetric key parser 'x509' registered
[    1.203422] Block layer SCSI generic (bsg) driver version 0.4 loaded (major 252)
[    1.203462] io scheduler noop registered
[    1.203464] io scheduler deadline registered (default)
[    1.203481] io scheduler cfq registered
[    1.203658] pci_hotplug: PCI Hot Plug PCI Core version: 0.5
[    1.203668] pciehp: PCI Express Hot Plug Controller Driver version: 0.4
[    1.203707] intel_idle: MWAIT substates: 0x21120
[    1.203708] intel_idle: v0.4 model 0x3A
[    1.203709] intel_idle: lapic_timer_reliable_states 0xffffffff
[    1.204134] ACPI: AC Adapter [ACAD] (off-line)
[    1.204201] input: Lid Switch as /devices/LNXSYSTM:00/device:00/PNP0C0D:00/input/input0
[    1.204739] ACPI: Lid Switch [LID0]
[    1.204766] input: Power Button as /devices/LNXSYSTM:00/device:00/PNP0C0C:00/input/input1
[    1.204769] ACPI: Power Button [PWRB]
[    1.204802] input: Power Button as /devices/LNXSYSTM:00/LNXPWRBN:00/input/input2
[    1.204804] ACPI: Power Button [PWRF]
[    1.204857] ACPI: Requesting acpi_cpufreq
[    1.205960] [Firmware Bug]: Invalid critical threshold (0)
[    1.207722] thermal LNXTHERM:00: registered as thermal_zone0
[    1.207724] ACPI: Thermal Zone [TZ01] (0 C)
[    1.207744] GHES: HEST is not enabled!
[    1.207801] Serial: 8250/16550 driver, 32 ports, IRQ sharing enabled
[    1.209300] Linux agpgart interface v0.103
[    1.210251] brd: module loaded
[    1.210780] loop: module loaded
[    1.211019] libphy: Fixed MDIO Bus: probed
[    1.211076] tun: Universal TUN/TAP device driver, 1.6
[    1.211077] tun: (C) 1999-2004 Max Krasnyansky <maxk@qualcomm.com>
[    1.211113] PPP generic driver version 2.4.2
[    1.211146] ehci_hcd: USB 2.0 'Enhanced' Host Controller (EHCI) Driver
[    1.211147] ehci-pci: EHCI PCI platform driver
[    1.211241] ehci-pci 0000:00:1a.0: setting latency timer to 64
[    1.211248] ehci-pci 0000:00:1a.0: EHCI Host Controller
[    1.211252] ehci-pci 0000:00:1a.0: new USB bus registered, assigned bus number 1
[    1.211266] ehci-pci 0000:00:1a.0: debug port 2
[    1.215175] ehci-pci 0000:00:1a.0: cache line size of 64 is not supported
[    1.215189] ehci-pci 0000:00:1a.0: irq 16, io mem 0x52619000
[    1.226797] ehci-pci 0000:00:1a.0: USB 2.0 started, EHCI 1.00
[    1.226813] usb usb1: New USB device found, idVendor=1d6b, idProduct=0002
[    1.226814] usb usb1: New USB device strings: Mfr=3, Product=2, SerialNumber=1
[    1.226816] usb usb1: Product: EHCI Host Controller
[    1.226817] usb usb1: Manufacturer: Linux 3.11.0-26-generic ehci_hcd
[    1.226818] usb usb1: SerialNumber: 0000:00:1a.0
[    1.226901] hub 1-0:1.0: USB hub found
[    1.226904] hub 1-0:1.0: 2 ports detected
[    1.227043] ehci-pci 0000:00:1d.0: setting latency timer to 64
[    1.227049] ehci-pci 0000:00:1d.0: EHCI Host Controller
[    1.227054] ehci-pci 0000:00:1d.0: new USB bus registered, assigned bus number 2
[    1.227065] ehci-pci 0000:00:1d.0: debug port 2
[    1.230967] ehci-pci 0000:00:1d.0: cache line size of 64 is not supported
[    1.230979] ehci-pci 0000:00:1d.0: irq 20, io mem 0x52618000
[    1.242811] ehci-pci 0000:00:1d.0: USB 2.0 started, EHCI 1.00
[    1.242821] usb usb2: New USB device found, idVendor=1d6b, idProduct=0002
[    1.242822] usb usb2: New USB device strings: Mfr=3, Product=2, SerialNumber=1
[    1.242824] usb usb2: Product: EHCI Host Controller
[    1.242825] usb usb2: Manufacturer: Linux 3.11.0-26-generic ehci_hcd
[    1.242826] usb usb2: SerialNumber: 0000:00:1d.0
[    1.242899] hub 2-0:1.0: USB hub found
[    1.242901] hub 2-0:1.0: 2 ports detected
[    1.242959] ehci-platform: EHCI generic platform driver
[    1.242966] ohci_hcd: USB 1.1 'Open' Host Controller (OHCI) Driver
[    1.242967] ohci-pci: OHCI PCI platform driver
[    1.242973] ohci-platform: OHCI generic platform driver
[    1.242977] uhci_hcd: USB Universal Host Controller Interface driver
[    1.243070] xhci_hcd 0000:00:14.0: setting latency timer to 64
[    1.243074] xhci_hcd 0000:00:14.0: xHCI Host Controller
[    1.243077] xhci_hcd 0000:00:14.0: new USB bus registered, assigned bus number 3
[    1.243164] xhci_hcd 0000:00:14.0: cache line size of 64 is not supported
[    1.243184] xhci_hcd 0000:00:14.0: irq 40 for MSI/MSI-X
[    1.243226] usb usb3: New USB device found, idVendor=1d6b, idProduct=0002
[    1.243228] usb usb3: New USB device strings: Mfr=3, Product=2, SerialNumber=1
[    1.243229] usb usb3: Product: xHCI Host Controller
[    1.243230] usb usb3: Manufacturer: Linux 3.11.0-26-generic xhci_hcd
[    1.243232] usb usb3: SerialNumber: 0000:00:14.0
[    1.243289] xHCI xhci_add_endpoint called for root hub
[    1.243291] xHCI xhci_check_bandwidth called for root hub
[    1.243307] hub 3-0:1.0: USB hub found
[    1.243313] hub 3-0:1.0: 4 ports detected
[    1.243586] xhci_hcd 0000:00:14.0: xHCI Host Controller
[    1.243589] xhci_hcd 0000:00:14.0: new USB bus registered, assigned bus number 4
[    1.243606] usb usb4: New USB device found, idVendor=1d6b, idProduct=0003
[    1.243608] usb usb4: New USB device strings: Mfr=3, Product=2, SerialNumber=1
[    1.243609] usb usb4: Product: xHCI Host Controller
[    1.243611] usb usb4: Manufacturer: Linux 3.11.0-26-generic xhci_hcd
[    1.243612] usb usb4: SerialNumber: 0000:00:14.0
[    1.243667] xHCI xhci_add_endpoint called for root hub
[    1.243668] xHCI xhci_check_bandwidth called for root hub
[    1.243683] hub 4-0:1.0: USB hub found
[    1.243689] hub 4-0:1.0: 4 ports detected
[    1.250864] i8042: PNP: PS/2 Controller [PNP0303:PS2K,PNP0f13:PS2M] at 0x60,0x64 irq 1,12
[    1.258626] serio: i8042 KBD port at 0x60,0x64 irq 1
[    1.258630] serio: i8042 AUX port at 0x60,0x64 irq 12
[    1.258717] mousedev: PS/2 mouse device common for all mice
[    1.258947] rtc_cmos 00:05: RTC can wake from S4
[    1.259061] rtc_cmos 00:05: rtc core: registered rtc_cmos as rtc0
[    1.259089] rtc_cmos 00:05: alarms up to one month, 242 bytes nvram, hpet irqs
[    1.259135] device-mapper: uevent: version 1.0.3
[    1.259186] device-mapper: ioctl: 4.25.0-ioctl (2013-06-26) initialised: dm-devel@redhat.com
[    1.259251] cpuidle: using governor ladder
[    1.259340] cpuidle: using governor menu
[    1.259348] ledtrig-cpu: registered to indicate activity on CPUs
[    1.259413] TCP: cubic registered
[    1.259478] NET: Registered protocol family 10
[    1.259627] NET: Registered protocol family 17
[    1.259634] Key type dns_resolver registered
[    1.259845] PM: Hibernation image not present or could not be loaded.
[    1.259848] Loading module verification certificates
[    1.260670] MODSIGN: Loaded cert 'Magrathea: Glacier signing key: bde799dc9fe4fe921581b3de00b2420d3fb3f482'
[    1.260678] registered taskstats version 1
[    1.262046] ACPI: Battery Slot [BAT0] (battery present)
[    1.262573] Key type trusted registered
[    1.264110] Key type encrypted registered
[    1.265551] AppArmor: AppArmor sha1 policy hashing enabled
[    1.265888] regulator-dummy: disabling
[    1.265953]   Magic number: 15:289:488
[    1.265989] regulator regulator.0: hash matches
[    1.266033] rtc_cmos 00:05: setting system clock to 2015-01-24 15:27:54 UTC (1422113274)
[    1.266651] BIOS EDD facility v0.16 2004-Jun-25, 0 devices found
[    1.266652] EDD information not available.
[    1.267351] Freeing unused kernel memory: 1364K (ffffffff81d10000 - ffffffff81e65000)
[    1.267353] Write protecting the kernel read-only data: 12288k
[    1.269113] Freeing unused kernel memory: 1020K (ffff880001701000 - ffff880001800000)
[    1.270329] Freeing unused kernel memory: 784K (ffff880001b3c000 - ffff880001c00000)
[    1.274336] input: AT Translated Set 2 keyboard as /devices/platform/i8042/serio0/input/input3
[    1.279591] systemd-udevd[124]: starting version 204
[    1.292583] rtsx_pci 0000:03:00.0: irq 41 for MSI/MSI-X
[    1.292620] rtsx_pci 0000:03:00.0: rtsx_pci_acquire_irq: pcr->msi_en = 1, pci->irq = 41
[    1.292840] r8169 Gigabit Ethernet driver 2.3LK-NAPI loaded
[    1.292848] r8169 0000:02:00.0: can't disable ASPM; OS doesn't have ASPM control
[    1.293048] r8169 0000:02:00.0: irq 42 for MSI/MSI-X
[    1.293208] r8169 0000:02:00.0 eth0: RTL8105e at 0xffffc90000c46000, a0:b3:cc:82:e2:8a, XID 00c00000 IRQ 42
[    1.294246] ahci 0000:00:1f.2: version 3.0
[    1.294391] ahci 0000:00:1f.2: irq 43 for MSI/MSI-X
[    1.307403] ahci 0000:00:1f.2: AHCI 0001.0300 32 slots 6 ports 6 Gbps 0x11 impl SATA mode
[    1.307409] ahci 0000:00:1f.2: flags: 64bit ncq pm led clo pio slum part ems apst 
[    1.307416] ahci 0000:00:1f.2: setting latency timer to 64
[    1.315461] scsi0 : ahci
[    1.315542] scsi1 : ahci
[    1.315603] scsi2 : ahci
[    1.315664] scsi3 : ahci
[    1.315723] scsi4 : ahci
[    1.315781] scsi5 : ahci
[    1.315839] ata1: SATA max UDMA/133 abar m2048@0x52617000 port 0x52617100 irq 43
[    1.315841] ata2: DUMMY
[    1.315842] ata3: DUMMY
[    1.315843] ata4: DUMMY
[    1.315847] ata5: SATA max UDMA/133 abar m2048@0x52617000 port 0x52617300 irq 43
[    1.315848] ata6: DUMMY
[    1.539246] usb 1-1: new high-speed USB device number 2 using ehci-pci
[    1.635356] ata5: SATA link up 1.5 Gbps (SStatus 113 SControl 300)
[    1.635380] ata1: SATA link up 3.0 Gbps (SStatus 123 SControl 300)
[    1.638571] ata5.00: ATAPI: hp      DVD A  DS8A8SH, KH61, max UDMA/100
[    1.639633] ata5.00: configured for UDMA/100
[    1.641680] ata1.00: ATA-9: ST640LM001 HN-M640MBB, 2AR10002, max UDMA/133
[    1.641694] ata1.00: 1250263728 sectors, multi 0: LBA48 NCQ (depth 31/32), AA
[    1.648079] ata1.00: configured for UDMA/133
[    1.648277] scsi 0:0:0:0: Direct-Access     ATA      ST640LM001 HN-M6 2AR1 PQ: 0 ANSI: 5
[    1.648459] sd 0:0:0:0: [sda] 1250263728 512-byte logical blocks: (640 GB/596 GiB)
[    1.648462] sd 0:0:0:0: [sda] 4096-byte physical blocks
[    1.648497] sd 0:0:0:0: [sda] Write Protect is off
[    1.648499] sd 0:0:0:0: Attached scsi generic sg0 type 0
[    1.648501] sd 0:0:0:0: [sda] Mode Sense: 00 3a 00 00
[    1.648512] sd 0:0:0:0: [sda] Write cache: enabled, read cache: enabled, doesn't support DPO or FUA
[    1.656542] scsi 4:0:0:0: CD-ROM            hp       DVD A  DS8A8SH   KH61 PQ: 0 ANSI: 5
[    1.660967] sr0: scsi3-mmc drive: 24x/24x writer dvd-ram cd/rw xa/form2 cdda tray
[    1.660988] cdrom: Uniform CD-ROM driver Revision: 3.20
[    1.661154] sr 4:0:0:0: Attached scsi CD-ROM sr0
[    1.661313] sr 4:0:0:0: Attached scsi generic sg1 type 5
[    1.671800] usb 1-1: New USB device found, idVendor=8087, idProduct=0024
[    1.671808] usb 1-1: New USB device strings: Mfr=0, Product=0, SerialNumber=0
[    1.672062] hub 1-1:1.0: USB hub found
[    1.672145] hub 1-1:1.0: 6 ports detected
[    1.677398]  sda: sda1 sda2 sda3
[    1.677622] sd 0:0:0:0: [sda] Attached SCSI disk
[    1.783531] usb 2-1: new high-speed USB device number 2 using ehci-pci
[    1.916080] usb 2-1: New USB device found, idVendor=8087, idProduct=0024
[    1.916088] usb 2-1: New USB device strings: Mfr=0, Product=0, SerialNumber=0
[    1.916364] hub 2-1:1.0: USB hub found
[    1.916425] hub 2-1:1.0: 6 ports detected
[    2.175962] tsc: Refined TSC clocksource calibration: 2494.333 MHz
[    2.188137] usb 2-1.5: new high-speed USB device number 3 using ehci-pci
[    2.329741] usb 2-1.5: New USB device found, idVendor=064e, idProduct=e289
[    2.329749] usb 2-1.5: New USB device strings: Mfr=3, Product=1, SerialNumber=2
[    2.329752] usb 2-1.5: Product: HP Webcam-50
[    2.329764] usb 2-1.5: Manufacturer: SuYin
[    2.329765] usb 2-1.5: SerialNumber: HF031A-T803-HN02-VH-R03.01.08
[    2.570167] EXT4-fs (sda2): mounted filesystem with ordered data mode. Opts: (null)
[    3.177260] Switched to clocksource tsc
[    8.010897] IPv6: ADDRCONF(NETDEV_UP): eth0: link is not ready
[    8.803307] systemd-udevd[305]: starting version 204
[    9.285473] EXT4-fs (sda2): re-mounted. Opts: errors=remount-ro
[    9.791650] lp: driver loaded but no devices found
[   12.653564] microcode: CPU0 sig=0x306a9, pf=0x10, revision=0x15
[   12.661212] ACPI Warning: 0x0000000000000428-0x000000000000042f SystemIO conflicts with Region \PMIO 1 (20130517/utaddress-251)
[   12.661219] ACPI: If an ACPI driver is available for this device, you should use it instead of the native driver
[   12.661223] ACPI Warning: 0x0000000000000530-0x000000000000053f SystemIO conflicts with Region \GPIO 1 (20130517/utaddress-251)
[   12.661227] ACPI Warning: 0x0000000000000530-0x000000000000053f SystemIO conflicts with Region \_SB_.PCI0.LPCB.GPIO 2 (20130517/utaddress-251)
[   12.661231] ACPI: If an ACPI driver is available for this device, you should use it instead of the native driver
[   12.661232] ACPI Warning: 0x0000000000000500-0x000000000000052f SystemIO conflicts with Region \GPIO 1 (20130517/utaddress-251)
[   12.661236] ACPI Warning: 0x0000000000000500-0x000000000000052f SystemIO conflicts with Region \_SB_.PCI0.LPCB.GPIO 2 (20130517/utaddress-251)
[   12.661239] ACPI: If an ACPI driver is available for this device, you should use it instead of the native driver
[   12.661241] lpc_ich: Resource conflict(s) found affecting gpio_ich
[   12.808632] hp_accel: laptop model unknown, using default axes configuration
[   12.810123] Initializing HPQ6001 module
[   12.812309] lis3lv02d: 8 bits 3DC sensor found
[   12.813671] wmi: Mapper loaded
[   12.852137] input: ST LIS3LV02DL Accelerometer as /devices/platform/lis3lv02d/input/input4
[   12.852309] input: HP Wireless hotkeys as /devices/virtual/input/input5
[   12.860028] [drm] Initialized drm 1.1.0 20060810
[   12.920014] mei_me 0000:00:16.0: setting latency timer to 64
[   12.920049] mei_me 0000:00:16.0: irq 44 for MSI/MSI-X
[   13.111944] cfg80211: Calling CRDA to update world regulatory domain
[   13.125915] [drm] Memory usable by graphics device = 2048M
[   13.125921] i915 0000:00:02.0: setting latency timer to 64
[   13.146462] i915 0000:00:02.0: irq 45 for MSI/MSI-X
[   13.146472] [drm] Supports vblank timestamp caching Rev 1 (10.10.2010).
[   13.146473] [drm] Driver supports precise vblank timestamp query.
[   13.146489] ACPI Warning: \_SB_.PCI0.GFX0._DSM: Argument #4 type mismatch - Found [Integer], ACPI requires [Package] (20130517/nsarguments-95)
[   13.146523] ACPI Warning: \_SB_.PCI0.GFX0._DSM: Argument #4 type mismatch - Found [Integer], ACPI requires [Package] (20130517/nsarguments-95)
[   13.146577] vgaarb: device changed decodes: PCI:0000:00:02.0,olddecodes=io+mem,decodes=io+mem:owns=io+mem
[   13.190250] fbcon: inteldrmfb (fb0) is primary device
[   13.358802] psmouse serio1: synaptics: Touchpad model: 1, fw: 7.5, id: 0x1c0b1, caps: 0xf00133/0x240000/0xa2400, board id: 2047, fw id: 1024374
[   13.395884] input: SynPS/2 Synaptics TouchPad as /devices/platform/i8042/serio1/input/input6
[   13.506226] ieee80211 phy0: rt2x00_set_rt: Info - RT chipset 5390, rev 1502 detected
[   13.510321] ieee80211 phy0: rt2x00_set_rf: Info - RF chipset 5390 detected
[   13.585670] ieee80211 phy0: Selected rate control algorithm 'minstrel_ht'
[   13.853371] microcode: CPU1 sig=0x306a9, pf=0x10, revision=0x15
[   13.920499] Bluetooth: Core ver 2.16
[   13.920513] NET: Registered protocol family 31
[   13.920513] Bluetooth: HCI device and connection manager initialized
[   13.920519] Bluetooth: HCI socket layer initialized
[   13.920521] Bluetooth: L2CAP socket layer initialized
[   13.920523] Bluetooth: SCO socket layer initialized
[   13.938629] Linux video capture interface: v2.00
[   13.954174] Bluetooth: RFCOMM TTY layer initialized
[   13.954182] Bluetooth: RFCOMM socket layer initialized
[   13.954183] Bluetooth: RFCOMM ver 1.11
[   14.009548] Console: switching to colour frame buffer device 200x56
[   14.012101] i915 0000:00:02.0: fb0: inteldrmfb frame buffer device
[   14.012102] i915 0000:00:02.0: registered panic notifier
[   14.031079] acpi device:06: registered as cooling_device4
[   14.031243] ACPI: Video Device [GFX0] (multi-head: yes  rom: no  post: no)
[   14.031290] input: Video Bus as /devices/LNXSYSTM:00/device:00/PNP0A08:00/LNXVIDEO:00/input/input7
[   14.031358] [drm] Initialized i915 1.6.0 20080730 for 0000:00:02.0 on minor 0
[   14.031502] snd_hda_intel 0000:00:1b.0: irq 46 for MSI/MSI-X
[   14.033058] input: HP WMI hotkeys as /devices/virtual/input/input8
[   14.104646] mute LED gpio 10 polarity 0
[   14.104831] autoconfig: line_outs=1 (0xd/0x0/0x0/0x0/0x0) type:speaker
[   14.104832]    speaker_outs=0 (0x0/0x0/0x0/0x0/0x0)
[   14.104833]    hp_outs=1 (0xb/0x0/0x0/0x0/0x0)
[   14.104834]    mono: mono_out=0x0
[   14.104835]    inputs:
[   14.104836]      Internal Mic=0x11
[   14.104837]      Mic=0xc
[   14.179718] input: HDA Intel PCH HDMI/DP,pcm=3 as /devices/pci0000:00/0000:00:1b.0/sound/card0/input9
[   14.179792] input: HDA Intel PCH Headphone as /devices/pci0000:00/0000:00:1b.0/sound/card0/input10
[   14.179851] input: HDA Intel PCH Mic as /devices/pci0000:00/0000:00:1b.0/sound/card0/input11
[   14.305875] Bluetooth: BNEP (Ethernet Emulation) ver 1.3
[   14.305879] Bluetooth: BNEP filters: protocol multicast
[   14.305887] Bluetooth: BNEP socket layer initialized
[   14.345864] microcode: CPU2 sig=0x306a9, pf=0x10, revision=0x15
[   14.468968] microcode: CPU3 sig=0x306a9, pf=0x10, revision=0x15
[   14.469615] microcode: Microcode Update Driver: v2.00 <tigran@aivazian.fsnet.co.uk>, Peter Oruba
[   14.687260] uvcvideo: Found UVC 1.00 device HP Webcam-50 (064e:e289)
[   14.693362] input: HP Webcam-50 as /devices/pci0000:00/0000:00:1d.0/usb2/2-1/2-1.5/2-1.5:1.0/input/input12
[   14.693424] usbcore: registered new interface driver uvcvideo
[   14.693426] USB Video Class driver (1.1.1)
[   14.830666] [drm] Enabling RC6 states: RC6 on, RC6p on, RC6pp off
[   14.925047] init: avahi-cups-reload main process (584) terminated with status 1
[   15.042217] cfg80211: World regulatory domain updated:
[   15.042221] cfg80211:   (start_freq - end_freq @ bandwidth), (max_antenna_gain, max_eirp)
[   15.042223] cfg80211:   (2402000 KHz - 2472000 KHz @ 40000 KHz), (300 mBi, 2000 mBm)
[   15.042226] cfg80211:   (2457000 KHz - 2482000 KHz @ 40000 KHz), (300 mBi, 2000 mBm)
[   15.042227] cfg80211:   (2474000 KHz - 2494000 KHz @ 20000 KHz), (300 mBi, 2000 mBm)
[   15.042229] cfg80211:   (5170000 KHz - 5250000 KHz @ 40000 KHz), (300 mBi, 2000 mBm)
[   15.042231] cfg80211:   (5735000 KHz - 5835000 KHz @ 40000 KHz), (300 mBi, 2000 mBm)
[   15.131012] type=1400 audit(1422093488.348:2): apparmor="STATUS" operation="profile_load" parent=578 profile="unconfined" name="/sbin/dhclient" pid=579 comm="apparmor_parser"
[   15.131019] type=1400 audit(1422093488.348:3): apparmor="STATUS" operation="profile_load" parent=578 profile="unconfined" name="/usr/lib/NetworkManager/nm-dhcp-client.action" pid=579 comm="apparmor_parser"
[   15.131023] type=1400 audit(1422093488.348:4): apparmor="STATUS" operation="profile_load" parent=578 profile="unconfined" name="/usr/lib/connman/scripts/dhclient-script" pid=579 comm="apparmor_parser"
[   15.131222] type=1400 audit(1422093488.348:5): apparmor="STATUS" operation="profile_replace" parent=482 profile="unconfined" name="/sbin/dhclient" pid=483 comm="apparmor_parser"
[   15.131231] type=1400 audit(1422093488.348:6): apparmor="STATUS" operation="profile_replace" parent=482 profile="unconfined" name="/usr/lib/NetworkManager/nm-dhcp-client.action" pid=483 comm="apparmor_parser"
[   15.131237] type=1400 audit(1422093488.348:7): apparmor="STATUS" operation="profile_replace" parent=482 profile="unconfined" name="/usr/lib/connman/scripts/dhclient-script" pid=483 comm="apparmor_parser"
[   15.131246] type=1400 audit(1422093488.348:8): apparmor="STATUS" operation="profile_replace" parent=517 profile="unconfined" name="/sbin/dhclient" pid=520 comm="apparmor_parser"
[   15.131254] type=1400 audit(1422093488.348:9): apparmor="STATUS" operation="profile_replace" parent=517 profile="unconfined" name="/usr/lib/NetworkManager/nm-dhcp-client.action" pid=520 comm="apparmor_parser"
[   15.131260] type=1400 audit(1422093488.348:10): apparmor="STATUS" operation="profile_replace" parent=517 profile="unconfined" name="/usr/lib/connman/scripts/dhclient-script" pid=520 comm="apparmor_parser"
[   15.131476] type=1400 audit(1422093488.348:11): apparmor="STATUS" operation="profile_replace" parent=578 profile="unconfined" name="/usr/lib/NetworkManager/nm-dhcp-client.action" pid=579 comm="apparmor_parser"
[   15.270097] ppdev: user-space parallel port driver
[   15.574169] kvm: disabled by bios
[   16.130647] init: failsafe main process (630) killed by TERM signal
[   21.744074] ieee80211 phy0: rt2x00lib_request_firmware: Info - Loading firmware file 'rt2860.bin'
[   21.789063] ieee80211 phy0: rt2x00lib_request_firmware: Info - Firmware detected - version: 0.34
[   21.846980] IPv6: ADDRCONF(NETDEV_UP): wlan0: link is not ready
[   21.847296] IPv6: ADDRCONF(NETDEV_UP): wlan0: link is not ready
[   22.117647] r8169 0000:02:00.0 eth0: link down
[   22.117678] IPv6: ADDRCONF(NETDEV_UP): eth0: link is not ready
[   22.117954] IPv6: ADDRCONF(NETDEV_UP): eth0: link is not ready
[   22.531614] audit_printk_skb: 33 callbacks suppressed
[   22.531617] type=1400 audit(1422093495.740:23): apparmor="STATUS" operation="profile_replace" parent=800 profile="unconfined" name="/sbin/dhclient" pid=809 comm="apparmor_parser"
[   22.531622] type=1400 audit(1422093495.740:24): apparmor="STATUS" operation="profile_replace" parent=800 profile="unconfined" name="/usr/lib/NetworkManager/nm-dhcp-client.action" pid=809 comm="apparmor_parser"
[   22.531624] type=1400 audit(1422093495.740:25): apparmor="STATUS" operation="profile_replace" parent=800 profile="unconfined" name="/usr/lib/connman/scripts/dhclient-script" pid=809 comm="apparmor_parser"
[   22.532010] type=1400 audit(1422093495.740:26): apparmor="STATUS" operation="profile_replace" parent=800 profile="unconfined" name="/usr/lib/NetworkManager/nm-dhcp-client.action" pid=809 comm="apparmor_parser"
[   22.532013] type=1400 audit(1422093495.740:27): apparmor="STATUS" operation="profile_replace" parent=800 profile="unconfined" name="/usr/lib/connman/scripts/dhclient-script" pid=809 comm="apparmor_parser"
[   22.532224] type=1400 audit(1422093495.740:28): apparmor="STATUS" operation="profile_replace" parent=800 profile="unconfined" name="/usr/lib/connman/scripts/dhclient-script" pid=809 comm="apparmor_parser"
